Archive member included to satisfy reference by file (symbol)

c:/cseapp/codelite/tools/gcc-arm/bin/../lib/gcc/arm-none-eabi/9.2.1/../../../../arm-none-eabi/lib/thumb/v7e-m+fp/hard\libc_nano.a(lib_a-atoi.o)
                              ./Debug/application.c.o (atoi)
c:/cseapp/codelite/tools/gcc-arm/bin/../lib/gcc/arm-none-eabi/9.2.1/../../../../arm-none-eabi/lib/thumb/v7e-m+fp/hard\libc_nano.a(lib_a-snprintf.o)
                              ./Debug/application.c.o (snprintf)
c:/cseapp/codelite/tools/gcc-arm/bin/../lib/gcc/arm-none-eabi/9.2.1/../../../../arm-none-eabi/lib/thumb/v7e-m+fp/hard\libc_nano.a(lib_a-strtol.o)
                              c:/cseapp/codelite/tools/gcc-arm/bin/../lib/gcc/arm-none-eabi/9.2.1/../../../../arm-none-eabi/lib/thumb/v7e-m+fp/hard\libc_nano.a(lib_a-atoi.o) (_strtol_r)
c:/cseapp/codelite/tools/gcc-arm/bin/../lib/gcc/arm-none-eabi/9.2.1/../../../../arm-none-eabi/lib/thumb/v7e-m+fp/hard\libc_nano.a(lib_a-ctype_.o)
                              c:/cseapp/codelite/tools/gcc-arm/bin/../lib/gcc/arm-none-eabi/9.2.1/../../../../arm-none-eabi/lib/thumb/v7e-m+fp/hard\libc_nano.a(lib_a-strtol.o) (_ctype_)
c:/cseapp/codelite/tools/gcc-arm/bin/../lib/gcc/arm-none-eabi/9.2.1/../../../../arm-none-eabi/lib/thumb/v7e-m+fp/hard\libc_nano.a(lib_a-impure.o)
                              c:/cseapp/codelite/tools/gcc-arm/bin/../lib/gcc/arm-none-eabi/9.2.1/../../../../arm-none-eabi/lib/thumb/v7e-m+fp/hard\libc_nano.a(lib_a-snprintf.o) (_impure_ptr)
c:/cseapp/codelite/tools/gcc-arm/bin/../lib/gcc/arm-none-eabi/9.2.1/../../../../arm-none-eabi/lib/thumb/v7e-m+fp/hard\libc_nano.a(lib_a-nano-svfprintf.o)
                              c:/cseapp/codelite/tools/gcc-arm/bin/../lib/gcc/arm-none-eabi/9.2.1/../../../../arm-none-eabi/lib/thumb/v7e-m+fp/hard\libc_nano.a(lib_a-snprintf.o) (_svfprintf_r)
c:/cseapp/codelite/tools/gcc-arm/bin/../lib/gcc/arm-none-eabi/9.2.1/../../../../arm-none-eabi/lib/thumb/v7e-m+fp/hard\libc_nano.a(lib_a-nano-vfprintf_i.o)
                              c:/cseapp/codelite/tools/gcc-arm/bin/../lib/gcc/arm-none-eabi/9.2.1/../../../../arm-none-eabi/lib/thumb/v7e-m+fp/hard\libc_nano.a(lib_a-nano-svfprintf.o) (_printf_i)
c:/cseapp/codelite/tools/gcc-arm/bin/../lib/gcc/arm-none-eabi/9.2.1/../../../../arm-none-eabi/lib/thumb/v7e-m+fp/hard\libc_nano.a(lib_a-memchr.o)
                              c:/cseapp/codelite/tools/gcc-arm/bin/../lib/gcc/arm-none-eabi/9.2.1/../../../../arm-none-eabi/lib/thumb/v7e-m+fp/hard\libc_nano.a(lib_a-nano-svfprintf.o) (memchr)
c:/cseapp/codelite/tools/gcc-arm/bin/../lib/gcc/arm-none-eabi/9.2.1/../../../../arm-none-eabi/lib/thumb/v7e-m+fp/hard\libc_nano.a(lib_a-memcpy-stub.o)
                              c:/cseapp/codelite/tools/gcc-arm/bin/../lib/gcc/arm-none-eabi/9.2.1/../../../../arm-none-eabi/lib/thumb/v7e-m+fp/hard\libc_nano.a(lib_a-nano-svfprintf.o) (memcpy)
c:/cseapp/codelite/tools/gcc-arm/bin/../lib/gcc/arm-none-eabi/9.2.1/../../../../arm-none-eabi/lib/thumb/v7e-m+fp/hard\libc_nano.a(lib_a-memmove.o)
                              c:/cseapp/codelite/tools/gcc-arm/bin/../lib/gcc/arm-none-eabi/9.2.1/../../../../arm-none-eabi/lib/thumb/v7e-m+fp/hard\libc_nano.a(lib_a-nano-svfprintf.o) (memmove)
c:/cseapp/codelite/tools/gcc-arm/bin/../lib/gcc/arm-none-eabi/9.2.1/../../../../arm-none-eabi/lib/thumb/v7e-m+fp/hard\libc_nano.a(lib_a-nano-freer.o)
                              c:/cseapp/codelite/tools/gcc-arm/bin/../lib/gcc/arm-none-eabi/9.2.1/../../../../arm-none-eabi/lib/thumb/v7e-m+fp/hard\libc_nano.a(lib_a-nano-svfprintf.o) (_free_r)
c:/cseapp/codelite/tools/gcc-arm/bin/../lib/gcc/arm-none-eabi/9.2.1/../../../../arm-none-eabi/lib/thumb/v7e-m+fp/hard\libc_nano.a(lib_a-nano-mallocr.o)
                              c:/cseapp/codelite/tools/gcc-arm/bin/../lib/gcc/arm-none-eabi/9.2.1/../../../../arm-none-eabi/lib/thumb/v7e-m+fp/hard\libc_nano.a(lib_a-nano-svfprintf.o) (_malloc_r)
c:/cseapp/codelite/tools/gcc-arm/bin/../lib/gcc/arm-none-eabi/9.2.1/../../../../arm-none-eabi/lib/thumb/v7e-m+fp/hard\libc_nano.a(lib_a-nano-reallocr.o)
                              c:/cseapp/codelite/tools/gcc-arm/bin/../lib/gcc/arm-none-eabi/9.2.1/../../../../arm-none-eabi/lib/thumb/v7e-m+fp/hard\libc_nano.a(lib_a-nano-svfprintf.o) (_realloc_r)
c:/cseapp/codelite/tools/gcc-arm/bin/../lib/gcc/arm-none-eabi/9.2.1/../../../../arm-none-eabi/lib/thumb/v7e-m+fp/hard\libc_nano.a(lib_a-sbrkr.o)
                              c:/cseapp/codelite/tools/gcc-arm/bin/../lib/gcc/arm-none-eabi/9.2.1/../../../../arm-none-eabi/lib/thumb/v7e-m+fp/hard\libc_nano.a(lib_a-nano-mallocr.o) (_sbrk_r)
c:/cseapp/codelite/tools/gcc-arm/bin/../lib/gcc/arm-none-eabi/9.2.1/../../../../arm-none-eabi/lib/thumb/v7e-m+fp/hard\libc_nano.a(lib_a-mlock.o)
                              c:/cseapp/codelite/tools/gcc-arm/bin/../lib/gcc/arm-none-eabi/9.2.1/../../../../arm-none-eabi/lib/thumb/v7e-m+fp/hard\libc_nano.a(lib_a-nano-freer.o) (__malloc_lock)
[...]
Memory Configuration

Name             Origin             Length             Attributes
RAM              0x20000000         0x0001c000         xrw
*default*        0x00000000         0xffffffff

Linker script and memory map

LOAD ./Debug/driver_src_stm32f4xx_exti.c.o
LOAD ./Debug/driver_src_stm32f4xx_can.c.o
LOAD ./Debug/driver_src_stm32f4xx_usart.c.o
LOAD ./Debug/driver_src_stm32f4xx_gpio.c.o
LOAD ./Debug/driver_src_stm32f4xx_dac.c.o
LOAD ./Debug/sciTinyTimber.c.o
LOAD ./Debug/TinyTimber.c.o
LOAD ./Debug/startup.c.o
LOAD ./Debug/dispatch.s.o
LOAD ./Debug/driver_src_stm32f4xx_tim.c.o
LOAD ./Debug/application.c.o
LOAD ./Debug/canTinyTimber.c.o
LOAD ./Debug/driver_src_stm32f4xx_syscfg.c.o
LOAD ./Debug/driver_src_stm32f4xx_rcc.c.o
LOAD c:/cseapp/codelite/tools/gcc-arm/bin/../lib/gcc/arm-none-eabi/9.2.1/../../../../arm-none-eabi/lib/thumb/v7e-m+fp/hard\libstdc++_nano.a
LOAD c:/cseapp/codelite/tools/gcc-arm/bin/../lib/gcc/arm-none-eabi/9.2.1/../../../../arm-none-eabi/lib/thumb/v7e-m+fp/hard\libm.a
START GROUP
LOAD c:/cseapp/codelite/tools/gcc-arm/bin/../lib/gcc/arm-none-eabi/9.2.1/thumb/v7e-m+fp/hard\libgcc.a
LOAD c:/cseapp/codelite/tools/gcc-arm/bin/../lib/gcc/arm-none-eabi/9.2.1/../../../../arm-none-eabi/lib/thumb/v7e-m+fp/hard\libc_nano.a
END GROUP
START GROUP
LOAD c:/cseapp/codelite/tools/gcc-arm/bin/../lib/gcc/arm-none-eabi/9.2.1/thumb/v7e-m+fp/hard\libgcc.a
LOAD c:/cseapp/codelite/tools/gcc-arm/bin/../lib/gcc/arm-none-eabi/9.2.1/../../../../arm-none-eabi/lib/thumb/v7e-m+fp/hard\libc_nano.a
END GROUP

.text           0x20000000     0x8058
                0x20000000                . = ALIGN (0x4)
 *(.start_section)
 .start_section
                0x20000000       0x1c ./Debug/startup.c.o
                0x20000000                startup
 *(.text)
 .text          0x2000001c      0x210 ./Debug/driver_src_stm32f4xx_exti.c.o
                0x2000001c                EXTI_DeInit
                0x20000050                EXTI_Init
                0x20000134                EXTI_StructInit
                0x20000160                EXTI_GenerateSWInterrupt
                0x20000184                EXTI_GetFlagStatus
                0x200001b8                EXTI_ClearFlag
                0x200001d8                EXTI_GetITStatus
                0x2000020c                EXTI_ClearITPendingBit
 .text          0x2000022c     0x11b4 ./Debug/driver_src_stm32f4xx_can.c.o
                0x2000022c                CAN_DeInit
                0x20000274                CAN_Init
                0x20000416                CAN_FilterInit
                0x2000059c                CAN_StructInit
                0x200005f2                CAN_SlaveStartBank
                0x20000654                CAN_DBGFreeze
                0x2000068c                CAN_TTComModeCmd
                0x20000724                CAN_Transmit
                0x200008c6                CAN_TransmitStatus
                0x200009cc                CAN_CancelTransmit
                0x20000a24                CAN_Receive
                0x20000ba0                CAN_FIFORelease
                0x20000bd8                CAN_MessagePending
                0x20000c22                CAN_OperatingModeRequest
                0x20000d1e                CAN_Sleep
                0x20000d58                CAN_WakeUp
                0x20000dae                CAN_GetLastErrorCode
                0x20000dd4                CAN_GetReceiveErrorCounter
                0x20000df6                CAN_GetLSBTransmitErrorCounter
                0x20000e18                CAN_ITConfig
                0x20000e54                CAN_GetFlagStatus
                0x20000f22                CAN_ClearFlag
                0x20000f94                CAN_GetITStatus
                0x200011f8                CAN_ClearITPendingBit
 .text          0x200013e0      0x970 ./Debug/driver_src_stm32f4xx_usart.c.o
                0x200013e0                USART_DeInit
                0x200014f8                USART_Init
                0x2000166c                USART_StructInit
                0x200016a6                USART_ClockInit
                0x200016fc                USART_ClockStructInit
                0x20001728                USART_Cmd
                0x20001768                USART_SetPrescaler
                0x200017a2                USART_OverSampling8Cmd
                0x200017e6                USART_OneBitMethodCmd
                0x20001826                USART_SendData
                0x2000184a                USART_ReceiveData
                0x2000186a                USART_SetAddress
                0x200018a4                USART_ReceiverWakeUpCmd
                0x200018e4                USART_WakeUpConfig
                0x2000191c                USART_LINBreakDetectLengthConfig
                0x20001954                USART_LINCmd
                0x20001994                USART_SendBreak
                0x200019b8                USART_HalfDuplexCmd
                0x200019f8                USART_SetGuardTime
                0x20001a34                USART_SmartCardCmd
                0x20001a74                USART_SmartCardNACKCmd
                0x20001ab4                USART_IrDAConfig
                0x20001aec                USART_IrDACmd
                0x20001b2c                USART_DMACmd
                0x20001b74                USART_ITConfig
                0x20001c04                USART_GetFlagStatus
                0x20001c3c                USART_ClearFlag
                0x20001c5e                USART_GetITStatus
                0x20001d14                USART_ClearITPendingBit
 .text          0x20001d50      0x4d8 ./Debug/driver_src_stm32f4xx_gpio.c.o
                0x20001d50                GPIO_DeInit
                0x20001eb4                GPIO_Init
                0x20001fd2                GPIO_StructInit
                0x20002006                GPIO_PinLockConfig
                0x2000204a                GPIO_ReadInputDataBit
                0x2000207e                GPIO_ReadInputData
                0x20002098                GPIO_ReadOutputDataBit
                0x200020cc                GPIO_ReadOutputData
                0x200020e6                GPIO_SetBits
                0x20002104                GPIO_ResetBits
                0x20002122                GPIO_WriteBit
                0x20002152                GPIO_Write
                0x20002170                GPIO_ToggleBits
                0x20002194                GPIO_PinAFConfig
 .text          0x20002228      0x450 ./Debug/driver_src_stm32f4xx_dac.c.o
                0x20002228                DAC_DeInit
                0x20002244                DAC_Init
                0x200022ac                DAC_StructInit
                0x200022d8                DAC_Cmd
                0x20002324                DAC_SoftwareTriggerCmd
                0x20002374                DAC_DualSoftwareTriggerCmd
                0x200023b0                DAC_WaveGenerationCmd
                0x200023fc                DAC_SetChannel1Data
                0x20002434                DAC_SetChannel2Data
                0x2000246c                DAC_SetDualChannelData
                0x200024c4                DAC_GetDataOutputValue
                0x200024f8                DAC_DMACmd
                0x20002548                DAC_ITConfig
                0x20002594                DAC_GetFlagStatus
                0x200025d0                DAC_ClearFlag
                0x200025f8                DAC_GetITStatus
                0x20002650                DAC_ClearITPendingBit
 .text          0x20002678      0x294 ./Debug/sciTinyTimber.c.o
                0x20002700                sci_init
                0x200027a6                sci_write
                0x200027fc                sci_writechar
                0x20002832                sci_interrupt
 .text          0x2000290c      0xf54 ./Debug/TinyTimber.c.o
                0x20002994                DUMP
                0x200029ce                DUMPH
                0x20002a2c                DUMPD
                0x20002ad0                sei
                0x20002aee                cli
                0x20002b0c                _sbrk
                0x20002b50                SETSTACK
                0x20002bb8                SETPC
                0x20002bdc                TIMER_INIT
                0x20002c74                DUMPC
                0x20002ca8                vect_USART1
                0x20002d10                vect_CAN1
                0x20002d78                vect_EXTI9_5
                0x20002de0                enqueueByDeadline
                0x20002e38                enqueueByBaseline
                0x20002e90                dequeue
                0x20002ee0                dequeue_pool
                0x20002f30                insert
                0x20002f54                push
                0x20002f78                pop
                0x20002ffa                vect_TIM5
                0x2000308c                __svc_dispatch
                0x2000309c                __pendSV_dispatch
                0x2000320c                async
                0x20003348                sync
                0x20003454                ABORT
                0x20003508                T_RESET
                0x20003544                T_SAMPLE
                0x20003584                CURRENT_OFFSET
                0x20003730                install
                0x200037fc                tinytimber
 .text          0x20003860      0x32c ./Debug/startup.c.o
 .text          0x20003b8c       0xf4 ./Debug/dispatch.s.o
                0x20003b8c                vect_SVCall
                0x20003b90                vect_PendSV
 .text          0x20003c80     0x1c1c ./Debug/driver_src_stm32f4xx_tim.c.o
                0x20003c80                TIM_DeInit
                0x20003e40                TIM_TimeBaseInit
                0x20003f18                TIM_TimeBaseStructInit
                0x20003f4c                TIM_PrescalerConfig
                0x20003f74                TIM_CounterModeConfig
                0x20003fac                TIM_SetCounter
                0x20003fc8                TIM_SetAutoreload
                0x20003fe4                TIM_GetCounter
                0x20003ffc                TIM_GetPrescaler
                0x20004016                TIM_UpdateDisableConfig
                0x20004056                TIM_UpdateRequestConfig
                0x20004096                TIM_ARRPreloadConfig
                0x200040d6                TIM_SelectOnePulseMode
                0x2000410e                TIM_SetClockDivision
                0x20004146                TIM_Cmd
                0x20004186                TIM_OC1Init
                0x2000427c                TIM_OC2Init
                0x2000438c                TIM_OC3Init
                0x20004498                TIM_OC4Init
                0x20004568                TIM_OCStructInit
                0x200045ac                TIM_SelectOCxM
                0x20004662                TIM_SetCompare1
                0x2000467e                TIM_SetCompare2
                0x2000469a                TIM_SetCompare3
                0x200046b6                TIM_SetCompare4
                0x200046d2                TIM_ForcedOC1Config
                0x2000470a                TIM_ForcedOC2Config
                0x20004746                TIM_ForcedOC3Config
                0x2000477e                TIM_ForcedOC4Config
                0x200047ba                TIM_OC1PreloadConfig
                0x200047f2                TIM_OC2PreloadConfig
                0x2000482e                TIM_OC3PreloadConfig
                0x20004866                TIM_OC4PreloadConfig
                0x200048a2                TIM_OC1FastConfig
                0x200048da                TIM_OC2FastConfig
                0x20004916                TIM_OC3FastConfig
                0x2000494e                TIM_OC4FastConfig
                0x2000498a                TIM_ClearOC1Ref
                0x200049c2                TIM_ClearOC2Ref
                0x200049fe                TIM_ClearOC3Ref
                0x20004a36                TIM_ClearOC4Ref
                0x20004a72                TIM_OC1PolarityConfig
                0x20004aaa                TIM_OC1NPolarityConfig
                0x20004ae2                TIM_OC2PolarityConfig
                0x20004b1e                TIM_OC2NPolarityConfig
                0x20004b5a                TIM_OC3PolarityConfig
                0x20004b96                TIM_OC3NPolarityConfig
                0x20004bd2                TIM_OC4PolarityConfig
                0x20004c0e                TIM_CCxCmd
                0x20004c64                TIM_CCxNCmd
                0x20004cba                TIM_ICInit
                0x20004d62                TIM_ICStructInit
                0x20004d94                TIM_PWMIConfig
                0x20004e4c                TIM_GetCapture1
                0x20004e64                TIM_GetCapture2
                0x20004e7c                TIM_GetCapture3
                0x20004e94                TIM_GetCapture4
                0x20004eac                TIM_SetIC1Prescaler
                0x20004ee4                TIM_SetIC2Prescaler
                0x20004f20                TIM_SetIC3Prescaler
                0x20004f58                TIM_SetIC4Prescaler
                0x20004f94                TIM_BDTRConfig
                0x20004fe4                TIM_BDTRStructInit
                0x20005022                TIM_CtrlPWMOutputs
                0x2000506e                TIM_SelectCOM
                0x200050ae                TIM_CCPreloadControl
                0x200050ee                TIM_ITConfig
                0x20005136                TIM_GenerateEvent
                0x20005154                TIM_GetFlagStatus
                0x2000518c                TIM_ClearFlag
                0x200051ae                TIM_GetITStatus
                0x20005202                TIM_ClearITPendingBit
                0x20005224                TIM_DMAConfig
                0x2000524e                TIM_DMACmd
                0x20005296                TIM_SelectCCDMA
                0x200052d6                TIM_InternalClockConfig
                0x200052fa                TIM_ITRxExternalClockConfig
                0x20005328                TIM_TIxExternalClockConfig
                0x20005384                TIM_ETRClockMode1Config
                0x200053e2                TIM_ETRClockMode2Config
                0x20005420                TIM_SelectInputTrigger
                0x20005458                TIM_SelectOutputTrigger
                0x20005490                TIM_SelectSlaveMode
                0x200054c8                TIM_SelectMasterSlaveMode
                0x20005500                TIM_ETRConfig
                0x20005554                TIM_EncoderInterfaceConfig
                0x200055ec                TIM_SelectHallSensor
                0x2000562c                TIM_RemapConfig
 .text          0x2000589c      0x5dc ./Debug/application.c.o
                0x2000589c                receiver
                0x200058ec                reader
                0x20005c44                readerb
                0x20005d98                startApp
                0x20005e38                main
 .text          0x20005e78      0x434 ./Debug/canTinyTimber.c.o
                0x20005f00                can_init
                0x20005fb8                can_interrupt
                0x20006140                can_receive
                0x2000620a                can_send
 .text          0x200062ac      0x154 ./Debug/driver_src_stm32f4xx_syscfg.c.o
                0x200062ac                SYSCFG_DeInit
                0x200062c8                SYSCFG_MemoryRemapConfig
                0x200062e8                SYSCFG_MemorySwappingBank
                0x20006308                SYSCFG_EXTILineConfig
                0x2000638c                SYSCFG_ETH_MediaInterfaceConfig
                0x200063ac                SYSCFG_CompensationCellCmd
                0x200063cc                SYSCFG_GetCompensationCellStatus
 .text          0x20006400      0xcb0 ./Debug/driver_src_stm32f4xx_rcc.c.o
                0x20006400                RCC_DeInit
                0x20006470                RCC_HSEConfig
                0x20006498                RCC_WaitForHSEStartUp
                0x200064e8                RCC_AdjustHSICalibrationValue
                0x20006524                RCC_HSICmd
                0x20006544                RCC_LSEConfig
                0x20006588                RCC_LSICmd
                0x200065a8                RCC_PLLConfig
                0x200065e8                RCC_PLLCmd
                0x20006608                RCC_PLLI2SConfig
                0x20006634                RCC_PLLI2SCmd
                0x20006654                RCC_PLLSAIConfig
                0x20006688                RCC_PLLSAICmd
                0x200066a8                RCC_ClockSecuritySystemCmd
                0x200066c8                RCC_MCO1Config
                0x20006708                RCC_MCO2Config
                0x20006748                RCC_SYSCLKConfig
                0x20006780                RCC_GetSYSCLKSource
                0x200067a0                RCC_HCLKConfig
                0x200067d8                RCC_PCLK1Config
                0x20006810                RCC_PCLK2Config
                0x2000684c                RCC_GetClocksFreq
                0x200069a8                RCC_RTCCLKConfig
                0x20006a04                RCC_RTCCLKCmd
                0x20006a24                RCC_BackupResetCmd
                0x20006a44                RCC_I2SCLKConfig
                0x20006a64                RCC_SAIPLLI2SClkDivConfig
                0x20006aa4                RCC_SAIPLLSAIClkDivConfig
                0x20006ae4                RCC_SAIBlockACLKConfig
                0x20006b20                RCC_SAIBlockBCLKConfig
                0x20006b5c                RCC_LTDCCLKDivConfig
                0x20006b98                RCC_TIMCLKPresConfig
                0x20006bb8                RCC_AHB1PeriphClockCmd
                0x20006bf8                RCC_AHB2PeriphClockCmd
                0x20006c38                RCC_AHB3PeriphClockCmd
                0x20006c78                RCC_APB1PeriphClockCmd
                0x20006cb8                RCC_APB2PeriphClockCmd
                0x20006cf8                RCC_AHB1PeriphResetCmd
                0x20006d38                RCC_AHB2PeriphResetCmd
                0x20006d78                RCC_AHB3PeriphResetCmd
                0x20006db8                RCC_APB1PeriphResetCmd
                0x20006df8                RCC_APB2PeriphResetCmd
                0x20006e38                RCC_AHB1PeriphClockLPModeCmd
                0x20006e78                RCC_AHB2PeriphClockLPModeCmd
                0x20006eb8                RCC_AHB3PeriphClockLPModeCmd
                0x20006ef8                RCC_APB1PeriphClockLPModeCmd
                0x20006f38                RCC_APB2PeriphClockLPModeCmd
                0x20006f78                RCC_ITConfig
                0x20006fc4                RCC_GetFlagStatus
                0x20007038                RCC_ClearFlag
                0x20007058                RCC_GetITStatus
                0x20007090                RCC_ClearITPendingBit
 .text          0x200070b0        0x0 c:/cseapp/codelite/tools/gcc-arm/bin/../lib/gcc/arm-none-eabi/9.2.1/../../../../arm-none-eabi/lib/thumb/v7e-m+fp/hard\libc_nano.a(lib_a-atoi.o)
 .text          0x200070b0        0x0 c:/cseapp/codelite/tools/gcc-arm/bin/../lib/gcc/arm-none-eabi/9.2.1/../../../../arm-none-eabi/lib/thumb/v7e-m+fp/hard\libc_nano.a(lib_a-snprintf.o)
 .text          0x200070b0        0x0 c:/cseapp/codelite/tools/gcc-arm/bin/../lib/gcc/arm-none-eabi/9.2.1/../../../../arm-none-eabi/lib/thumb/v7e-m+fp/hard\libc_nano.a(lib_a-strtol.o)
 .text          0x200070b0        0x0 c:/cseapp/codelite/tools/gcc-arm/bin/../lib/gcc/arm-none-eabi/9.2.1/../../../../arm-none-eabi/lib/thumb/v7e-m+fp/hard\libc_nano.a(lib_a-ctype_.o)
 .text          0x200070b0        0x0 c:/cseapp/codelite/tools/gcc-arm/bin/../lib/gcc/arm-none-eabi/9.2.1/../../../../arm-none-eabi/lib/thumb/v7e-m+fp/hard\libc_nano.a(lib_a-impure.o)
 .text          0x200070b0        0x0 c:/cseapp/codelite/tools/gcc-arm/bin/../lib/gcc/arm-none-eabi/9.2.1/../../../../arm-none-eabi/lib/thumb/v7e-m+fp/hard\libc_nano.a(lib_a-nano-svfprintf.o)
 .text          0x200070b0        0x0 c:/cseapp/codelite/tools/gcc-arm/bin/../lib/gcc/arm-none-eabi/9.2.1/../../../../arm-none-eabi/lib/thumb/v7e-m+fp/hard\libc_nano.a(lib_a-nano-vfprintf_i.o)
 .text          0x200070b0       0xa0 c:/cseapp/codelite/tools/gcc-arm/bin/../lib/gcc/arm-none-eabi/9.2.1/../../../../arm-none-eabi/lib/thumb/v7e-m+fp/hard\libc_nano.a(lib_a-memchr.o)
                0x200070b0                memchr
 .text          0x20007150        0x0 c:/cseapp/codelite/tools/gcc-arm/bin/../lib/gcc/arm-none-eabi/9.2.1/../../../../arm-none-eabi/lib/thumb/v7e-m+fp/hard\libc_nano.a(lib_a-memcpy-stub.o)
 .text          0x20007150        0x0 c:/cseapp/codelite/tools/gcc-arm/bin/../lib/gcc/arm-none-eabi/9.2.1/../../../../arm-none-eabi/lib/thumb/v7e-m+fp/hard\libc_nano.a(lib_a-memmove.o)
 .text          0x20007150        0x0 c:/cseapp/codelite/tools/gcc-arm/bin/../lib/gcc/arm-none-eabi/9.2.1/../../../../arm-none-eabi/lib/thumb/v7e-m+fp/hard\libc_nano.a(lib_a-nano-freer.o)
 .text          0x20007150        0x0 c:/cseapp/codelite/tools/gcc-arm/bin/../lib/gcc/arm-none-eabi/9.2.1/../../../../arm-none-eabi/lib/thumb/v7e-m+fp/hard\libc_nano.a(lib_a-nano-mallocr.o)
 .text          0x20007150        0x0 c:/cseapp/codelite/tools/gcc-arm/bin/../lib/gcc/arm-none-eabi/9.2.1/../../../../arm-none-eabi/lib/thumb/v7e-m+fp/hard\libc_nano.a(lib_a-nano-reallocr.o)
 .text          0x20007150        0x0 c:/cseapp/codelite/tools/gcc-arm/bin/../lib/gcc/arm-none-eabi/9.2.1/../../../../arm-none-eabi/lib/thumb/v7e-m+fp/hard\libc_nano.a(lib_a-sbrkr.o)
 .text          0x20007150        0x0 c:/cseapp/codelite/tools/gcc-arm/bin/../lib/gcc/arm-none-eabi/9.2.1/../../../../arm-none-eabi/lib/thumb/v7e-m+fp/hard\libc_nano.a(lib_a-mlock.o)
 .text          0x20007150        0x0 c:/cseapp/codelite/tools/gcc-arm/bin/../lib/gcc/arm-none-eabi/9.2.1/../../../../arm-none-eabi/lib/thumb/v7e-m+fp/hard\libc_nano.a(lib_a-nano-msizer.o)
 .text          0x20007150        0x0 c:/cseapp/codelite/tools/gcc-arm/bin/../lib/gcc/arm-none-eabi/9.2.1/../../../../arm-none-eabi/lib/thumb/v7e-m+fp/hard\libc_nano.a(lib_a-reent.o)
 .text          0x20007150        0x0 c:/cseapp/codelite/tools/gcc-arm/bin/../lib/gcc/arm-none-eabi/9.2.1/../../../../arm-none-eabi/lib/thumb/v7e-m+fp/hard\libc_nano.a(lib_a-lock.o)
 *(.text.*)
 .text.atoi     0x20007150        0x8 c:/cseapp/codelite/tools/gcc-arm/bin/../lib/gcc/arm-none-eabi/9.2.1/../../../../arm-none-eabi/lib/thumb/v7e-m+fp/hard\libc_nano.a(lib_a-atoi.o)
                0x20007150                atoi
 .text._atoi_r  0x20007158        0x8 c:/cseapp/codelite/tools/gcc-arm/bin/../lib/gcc/arm-none-eabi/9.2.1/../../../../arm-none-eabi/lib/thumb/v7e-m+fp/hard\libc_nano.a(lib_a-atoi.o)
                0x20007158                _atoi_r
 .text._snprintf_r
                0x20007160       0x5e c:/cseapp/codelite/tools/gcc-arm/bin/../lib/gcc/arm-none-eabi/9.2.1/../../../../arm-none-eabi/lib/thumb/v7e-m+fp/hard\libc_nano.a(lib_a-snprintf.o)
                0x20007160                _snprintf_r
                0x20007160                _sniprintf_r
 *fill*         0x200071be        0x2 
 .text.snprintf
                0x200071c0       0x68 c:/cseapp/codelite/tools/gcc-arm/bin/../lib/gcc/arm-none-eabi/9.2.1/../../../../arm-none-eabi/lib/thumb/v7e-m+fp/hard\libc_nano.a(lib_a-snprintf.o)
                0x200071c0                sniprintf
                0x200071c0                snprintf
 .text._strtol_l.isra.0
                0x20007228       0xf4 c:/cseapp/codelite/tools/gcc-arm/bin/../lib/gcc/arm-none-eabi/9.2.1/../../../../arm-none-eabi/lib/thumb/v7e-m+fp/hard\libc_nano.a(lib_a-strtol.o)
 .text._strtol_r
                0x2000731c        0x4 c:/cseapp/codelite/tools/gcc-arm/bin/../lib/gcc/arm-none-eabi/9.2.1/../../../../arm-none-eabi/lib/thumb/v7e-m+fp/hard\libc_nano.a(lib_a-strtol.o)
                0x2000731c                _strtol_r
 .text.strtol_l
                0x20007320       0x14 c:/cseapp/codelite/tools/gcc-arm/bin/../lib/gcc/arm-none-eabi/9.2.1/../../../../arm-none-eabi/lib/thumb/v7e-m+fp/hard\libc_nano.a(lib_a-strtol.o)
                0x20007320                strtol_l
 .text.strtol   0x20007334       0x14 c:/cseapp/codelite/tools/gcc-arm/bin/../lib/gcc/arm-none-eabi/9.2.1/../../../../arm-none-eabi/lib/thumb/v7e-m+fp/hard\libc_nano.a(lib_a-strtol.o)
                0x20007334                strtol
 .text.__ssputs_r
                0x20007348       0xb6 c:/cseapp/codelite/tools/gcc-arm/bin/../lib/gcc/arm-none-eabi/9.2.1/../../../../arm-none-eabi/lib/thumb/v7e-m+fp/hard\libc_nano.a(lib_a-nano-svfprintf.o)
                0x20007348                __ssputs_r
 .text.__ssprint_r
                0x200073fe       0xf6 c:/cseapp/codelite/tools/gcc-arm/bin/../lib/gcc/arm-none-eabi/9.2.1/../../../../arm-none-eabi/lib/thumb/v7e-m+fp/hard\libc_nano.a(lib_a-nano-svfprintf.o)
                0x200073fe                __ssprint_r
 .text._svfprintf_r
                0x200074f4      0x200 c:/cseapp/codelite/tools/gcc-arm/bin/../lib/gcc/arm-none-eabi/9.2.1/../../../../arm-none-eabi/lib/thumb/v7e-m+fp/hard\libc_nano.a(lib_a-nano-svfprintf.o)
                0x200074f4                _svfiprintf_r
                0x200074f4                _svfprintf_r
 .text._printf_common
                0x200076f4       0xda c:/cseapp/codelite/tools/gcc-arm/bin/../lib/gcc/arm-none-eabi/9.2.1/../../../../arm-none-eabi/lib/thumb/v7e-m+fp/hard\libc_nano.a(lib_a-nano-vfprintf_i.o)
                0x200076f4                _printf_common
 *fill*         0x200077ce        0x2 
 .text._printf_i
                0x200077d0      0x24c c:/cseapp/codelite/tools/gcc-arm/bin/../lib/gcc/arm-none-eabi/9.2.1/../../../../arm-none-eabi/lib/thumb/v7e-m+fp/hard\libc_nano.a(lib_a-nano-vfprintf_i.o)
                0x200077d0                _printf_i
 .text.memcpy   0x20007a1c       0x1c c:/cseapp/codelite/tools/gcc-arm/bin/../lib/gcc/arm-none-eabi/9.2.1/../../../../arm-none-eabi/lib/thumb/v7e-m+fp/hard\libc_nano.a(lib_a-memcpy-stub.o)
                0x20007a1c                memcpy
 .text.memmove  0x20007a38       0x34 c:/cseapp/codelite/tools/gcc-arm/bin/../lib/gcc/arm-none-eabi/9.2.1/../../../../arm-none-eabi/lib/thumb/v7e-m+fp/hard\libc_nano.a(lib_a-memmove.o)
                0x20007a38                memmove
 .text._free_r  0x20007a6c       0xa0 c:/cseapp/codelite/tools/gcc-arm/bin/../lib/gcc/arm-none-eabi/9.2.1/../../../../arm-none-eabi/lib/thumb/v7e-m+fp/hard\libc_nano.a(lib_a-nano-freer.o)
                0x20007a6c                _free_r
 .text._malloc_r
                0x20007b0c       0xb4 c:/cseapp/codelite/tools/gcc-arm/bin/../lib/gcc/arm-none-eabi/9.2.1/../../../../arm-none-eabi/lib/thumb/v7e-m+fp/hard\libc_nano.a(lib_a-nano-mallocr.o)
                0x20007b0c                _malloc_r
 .text._realloc_r
                0x20007bc0       0x4c c:/cseapp/codelite/tools/gcc-arm/bin/../lib/gcc/arm-none-eabi/9.2.1/../../../../arm-none-eabi/lib/thumb/v7e-m+fp/hard\libc_nano.a(lib_a-nano-reallocr.o)
                0x20007bc0                _realloc_r
 .text._sbrk_r  0x20007c0c       0x20 c:/cseapp/codelite/tools/gcc-arm/bin/../lib/gcc/arm-none-eabi/9.2.1/../../../../arm-none-eabi/lib/thumb/v7e-m+fp/hard\libc_nano.a(lib_a-sbrkr.o)
                0x20007c0c                _sbrk_r
 .text.__malloc_lock
                0x20007c2c        0xc c:/cseapp/codelite/tools/gcc-arm/bin/../lib/gcc/arm-none-eabi/9.2.1/../../../../arm-none-eabi/lib/thumb/v7e-m+fp/hard\libc_nano.a(lib_a-mlock.o)
                0x20007c2c                __malloc_lock
 .text.__malloc_unlock
                0x20007c38        0xc c:/cseapp/codelite/tools/gcc-arm/bin/../lib/gcc/arm-none-eabi/9.2.1/../../../../arm-none-eabi/lib/thumb/v7e-m+fp/hard\libc_nano.a(lib_a-mlock.o)
                0x20007c38                __malloc_unlock
 .text._malloc_usable_size_r
                0x20007c44       0x10 c:/cseapp/codelite/tools/gcc-arm/bin/../lib/gcc/arm-none-eabi/9.2.1/../../../../arm-none-eabi/lib/thumb/v7e-m+fp/hard\libc_nano.a(lib_a-nano-msizer.o)
                0x20007c44                _malloc_usable_size_r
 .text.cleanup_glue
                0x20007c54       0x1a c:/cseapp/codelite/tools/gcc-arm/bin/../lib/gcc/arm-none-eabi/9.2.1/../../../../arm-none-eabi/lib/thumb/v7e-m+fp/hard\libc_nano.a(lib_a-reent.o)
                0x20007c54                cleanup_glue
 *fill*         0x20007c6e        0x2 
 .text._reclaim_reent
                0x20007c70       0xb8 c:/cseapp/codelite/tools/gcc-arm/bin/../lib/gcc/arm-none-eabi/9.2.1/../../../../arm-none-eabi/lib/thumb/v7e-m+fp/hard\libc_nano.a(lib_a-reent.o)
                0x20007c70                _reclaim_reent
 .text.__retarget_lock_init
                0x20007d28        0x2 c:/cseapp/codelite/tools/gcc-arm/bin/../lib/gcc/arm-none-eabi/9.2.1/../../../../arm-none-eabi/lib/thumb/v7e-m+fp/hard\libc_nano.a(lib_a-lock.o)
                0x20007d28                __retarget_lock_init
 .text.__retarget_lock_init_recursive
                0x20007d2a        0x2 c:/cseapp/codelite/tools/gcc-arm/bin/../lib/gcc/arm-none-eabi/9.2.1/../../../../arm-none-eabi/lib/thumb/v7e-m+fp/hard\libc_nano.a(lib_a-lock.o)
                0x20007d2a                __retarget_lock_init_recursive
 .text.__retarget_lock_close
                0x20007d2c        0x2 c:/cseapp/codelite/tools/gcc-arm/bin/../lib/gcc/arm-none-eabi/9.2.1/../../../../arm-none-eabi/lib/thumb/v7e-m+fp/hard\libc_nano.a(lib_a-lock.o)
                0x20007d2c                __retarget_lock_close
 .text.__retarget_lock_close_recursive
                0x20007d2e        0x2 c:/cseapp/codelite/tools/gcc-arm/bin/../lib/gcc/arm-none-eabi/9.2.1/../../../../arm-none-eabi/lib/thumb/v7e-m+fp/hard\libc_nano.a(lib_a-lock.o)
                0x20007d2e                __retarget_lock_close_recursive
 .text.__retarget_lock_acquire
                0x20007d30        0x2 c:/cseapp/codelite/tools/gcc-arm/bin/../lib/gcc/arm-none-eabi/9.2.1/../../../../arm-none-eabi/lib/thumb/v7e-m+fp/hard\libc_nano.a(lib_a-lock.o)
                0x20007d30                __retarget_lock_acquire
 .text.__retarget_lock_acquire_recursive
                0x20007d32        0x2 c:/cseapp/codelite/tools/gcc-arm/bin/../lib/gcc/arm-none-eabi/9.2.1/../../../../arm-none-eabi/lib/thumb/v7e-m+fp/hard\libc_nano.a(lib_a-lock.o)
                0x20007d32                __retarget_lock_acquire_recursive
 .text.__retarget_lock_try_acquire
                0x20007d34        0x4 c:/cseapp/codelite/tools/gcc-arm/bin/../lib/gcc/arm-none-eabi/9.2.1/../../../../arm-none-eabi/lib/thumb/v7e-m+fp/hard\libc_nano.a(lib_a-lock.o)
                0x20007d34                __retarget_lock_try_acquire
 .text.__retarget_lock_try_acquire_recursive
                0x20007d38        0x4 c:/cseapp/codelite/tools/gcc-arm/bin/../lib/gcc/arm-none-eabi/9.2.1/../../../../arm-none-eabi/lib/thumb/v7e-m+fp/hard\libc_nano.a(lib_a-lock.o)
                0x20007d38                __retarget_lock_try_acquire_recursive
 .text.__retarget_lock_release
                0x20007d3c        0x2 c:/cseapp/codelite/tools/gcc-arm/bin/../lib/gcc/arm-none-eabi/9.2.1/../../../../arm-none-eabi/lib/thumb/v7e-m+fp/hard\libc_nano.a(lib_a-lock.o)
                0x20007d3c                __retarget_lock_release
 .text.__retarget_lock_release_recursive
                0x20007d3e        0x2 c:/cseapp/codelite/tools/gcc-arm/bin/../lib/gcc/arm-none-eabi/9.2.1/../../../../arm-none-eabi/lib/thumb/v7e-m+fp/hard\libc_nano.a(lib_a-lock.o)
                0x20007d3e                __retarget_lock_release_recursive
 *(.rodata)
 .rodata        0x20007d40       0x81 ./Debug/TinyTimber.c.o
 *fill*         0x20007dc1        0x3 
 .rodata        0x20007dc4       0xcd ./Debug/application.c.o
 *fill*         0x20007e91        0x3 
 .rodata        0x20007e94       0x8a ./Debug/canTinyTimber.c.o
 *(.rodata*)
 .rodata._ctype_
                0x20007f1e      0x101 c:/cseapp/codelite/tools/gcc-arm/bin/../lib/gcc/arm-none-eabi/9.2.1/../../../../arm-none-eabi/lib/thumb/v7e-m+fp/hard\libc_nano.a(lib_a-ctype_.o)
                0x20007f1e                _ctype_
 *fill*         0x2000801f        0x1 
 .rodata._global_impure_ptr
                0x20008020        0x4 c:/cseapp/codelite/tools/gcc-arm/bin/../lib/gcc/arm-none-eabi/9.2.1/../../../../arm-none-eabi/lib/thumb/v7e-m+fp/hard\libc_nano.a(lib_a-impure.o)
                0x20008020                _global_impure_ptr
 .rodata._svfprintf_r.str1.1
                0x20008024       0x11 c:/cseapp/codelite/tools/gcc-arm/bin/../lib/gcc/arm-none-eabi/9.2.1/../../../../arm-none-eabi/lib/thumb/v7e-m+fp/hard\libc_nano.a(lib_a-nano-svfprintf.o)
 .rodata._printf_i.str1.1
                0x20008035       0x22 c:/cseapp/codelite/tools/gcc-arm/bin/../lib/gcc/arm-none-eabi/9.2.1/../../../../arm-none-eabi/lib/thumb/v7e-m+fp/hard\libc_nano.a(lib_a-nano-vfprintf_i.o)
 *(.glue_7)
 .glue_7        0x20008057        0x0 linker stubs
 *(.glue_7t)
 .glue_7t       0x20008057        0x0 linker stubs
                0x20008058                . = ALIGN (0x4)
 *fill*         0x20008057        0x1 

.vfp11_veneer   0x20008058        0x0
 .vfp11_veneer  0x20008058        0x0 linker stubs

.v4_bx          0x20008058        0x0
 .v4_bx         0x20008058        0x0 linker stubs

.iplt           0x20008058        0x0
 .iplt          0x20008058        0x0 ./Debug/driver_src_stm32f4xx_exti.c.o

.rel.dyn        0x20008058        0x0
 .rel.iplt      0x20008058        0x0 ./Debug/driver_src_stm32f4xx_exti.c.o

.data           0x20008058      0x6d8
                0x20008058                . = ALIGN (0x4)
 *(.data)
 .data          0x20008058        0x0 ./Debug/driver_src_stm32f4xx_exti.c.o
 .data          0x20008058        0x0 ./Debug/driver_src_stm32f4xx_can.c.o
 .data          0x20008058        0x0 ./Debug/driver_src_stm32f4xx_usart.c.o
 .data          0x20008058        0x0 ./Debug/driver_src_stm32f4xx_gpio.c.o
 .data          0x20008058        0x0 ./Debug/driver_src_stm32f4xx_dac.c.o
 .data          0x20008058        0x0 ./Debug/sciTinyTimber.c.o
 .data          0x20008058       0x24 ./Debug/TinyTimber.c.o
                0x20008058                hex
                0x2000806c                msgPool
                0x20008070                threadPool
                0x20008074                activeStack
                0x20008078                current
 .data          0x2000807c        0x0 ./Debug/startup.c.o
 .data          0x2000807c       0x84 ./Debug/dispatch.s.o
 .data          0x20008100        0x0 ./Debug/driver_src_stm32f4xx_tim.c.o
 .data          0x20008100      0x5bc ./Debug/application.c.o
                0x20008100                app
                0x20008140                sci0
                0x20008560                can0
                0x200085d8                brotherjohn
                0x20008658                period
 .data          0x200086bc        0x0 ./Debug/canTinyTimber.c.o
 .data          0x200086bc        0x0 ./Debug/driver_src_stm32f4xx_syscfg.c.o
 .data          0x200086bc       0x10 ./Debug/driver_src_stm32f4xx_rcc.c.o
 .data          0x200086cc        0x0 c:/cseapp/codelite/tools/gcc-arm/bin/../lib/gcc/arm-none-eabi/9.2.1/../../../../arm-none-eabi/lib/thumb/v7e-m+fp/hard\libc_nano.a(lib_a-atoi.o)
 .data          0x200086cc        0x0 c:/cseapp/codelite/tools/gcc-arm/bin/../lib/gcc/arm-none-eabi/9.2.1/../../../../arm-none-eabi/lib/thumb/v7e-m+fp/hard\libc_nano.a(lib_a-snprintf.o)
 .data          0x200086cc        0x0 c:/cseapp/codelite/tools/gcc-arm/bin/../lib/gcc/arm-none-eabi/9.2.1/../../../../arm-none-eabi/lib/thumb/v7e-m+fp/hard\libc_nano.a(lib_a-strtol.o)
 .data          0x200086cc        0x0 c:/cseapp/codelite/tools/gcc-arm/bin/../lib/gcc/arm-none-eabi/9.2.1/../../../../arm-none-eabi/lib/thumb/v7e-m+fp/hard\libc_nano.a(lib_a-ctype_.o)
 .data          0x200086cc        0x0 c:/cseapp/codelite/tools/gcc-arm/bin/../lib/gcc/arm-none-eabi/9.2.1/../../../../arm-none-eabi/lib/thumb/v7e-m+fp/hard\libc_nano.a(lib_a-impure.o)
 .data          0x200086cc        0x0 c:/cseapp/codelite/tools/gcc-arm/bin/../lib/gcc/arm-none-eabi/9.2.1/../../../../arm-none-eabi/lib/thumb/v7e-m+fp/hard\libc_nano.a(lib_a-nano-svfprintf.o)
 .data          0x200086cc        0x0 c:/cseapp/codelite/tools/gcc-arm/bin/../lib/gcc/arm-none-eabi/9.2.1/../../../../arm-none-eabi/lib/thumb/v7e-m+fp/hard\libc_nano.a(lib_a-nano-vfprintf_i.o)
 .data          0x200086cc        0x0 c:/cseapp/codelite/tools/gcc-arm/bin/../lib/gcc/arm-none-eabi/9.2.1/../../../../arm-none-eabi/lib/thumb/v7e-m+fp/hard\libc_nano.a(lib_a-memchr.o)
 .data          0x200086cc        0x0 c:/cseapp/codelite/tools/gcc-arm/bin/../lib/gcc/arm-none-eabi/9.2.1/../../../../arm-none-eabi/lib/thumb/v7e-m+fp/hard\libc_nano.a(lib_a-memcpy-stub.o)
 .data          0x200086cc        0x0 c:/cseapp/codelite/tools/gcc-arm/bin/../lib/gcc/arm-none-eabi/9.2.1/../../../../arm-none-eabi/lib/thumb/v7e-m+fp/hard\libc_nano.a(lib_a-memmove.o)
 .data          0x200086cc        0x0 c:/cseapp/codelite/tools/gcc-arm/bin/../lib/gcc/arm-none-eabi/9.2.1/../../../../arm-none-eabi/lib/thumb/v7e-m+fp/hard\libc_nano.a(lib_a-nano-freer.o)
 .data          0x200086cc        0x0 c:/cseapp/codelite/tools/gcc-arm/bin/../lib/gcc/arm-none-eabi/9.2.1/../../../../arm-none-eabi/lib/thumb/v7e-m+fp/hard\libc_nano.a(lib_a-nano-mallocr.o)
 .data          0x200086cc        0x0 c:/cseapp/codelite/tools/gcc-arm/bin/../lib/gcc/arm-none-eabi/9.2.1/../../../../arm-none-eabi/lib/thumb/v7e-m+fp/hard\libc_nano.a(lib_a-nano-reallocr.o)
 .data          0x200086cc        0x0 c:/cseapp/codelite/tools/gcc-arm/bin/../lib/gcc/arm-none-eabi/9.2.1/../../../../arm-none-eabi/lib/thumb/v7e-m+fp/hard\libc_nano.a(lib_a-sbrkr.o)
 .data          0x200086cc        0x0 c:/cseapp/codelite/tools/gcc-arm/bin/../lib/gcc/arm-none-eabi/9.2.1/../../../../arm-none-eabi/lib/thumb/v7e-m+fp/hard\libc_nano.a(lib_a-mlock.o)
 .data          0x200086cc        0x0 c:/cseapp/codelite/tools/gcc-arm/bin/../lib/gcc/arm-none-eabi/9.2.1/../../../../arm-none-eabi/lib/thumb/v7e-m+fp/hard\libc_nano.a(lib_a-nano-msizer.o)
 .data          0x200086cc        0x0 c:/cseapp/codelite/tools/gcc-arm/bin/../lib/gcc/arm-none-eabi/9.2.1/../../../../arm-none-eabi/lib/thumb/v7e-m+fp/hard\libc_nano.a(lib_a-reent.o)
 .data          0x200086cc        0x0 c:/cseapp/codelite/tools/gcc-arm/bin/../lib/gcc/arm-none-eabi/9.2.1/../../../../arm-none-eabi/lib/thumb/v7e-m+fp/hard\libc_nano.a(lib_a-lock.o)
 *(.data.*)
 .data._impure_ptr
                0x200086cc        0x4 c:/cseapp/codelite/tools/gcc-arm/bin/../lib/gcc/arm-none-eabi/9.2.1/../../../../arm-none-eabi/lib/thumb/v7e-m+fp/hard\libc_nano.a(lib_a-impure.o)
                0x200086cc                _impure_ptr
 .data.impure_data
                0x200086d0       0x60 c:/cseapp/codelite/tools/gcc-arm/bin/../lib/gcc/arm-none-eabi/9.2.1/../../../../arm-none-eabi/lib/thumb/v7e-m+fp/hard\libc_nano.a(lib_a-impure.o)
                0x20008730                . = ALIGN (0x4)

.igot.plt       0x20008730        0x0
 .igot.plt      0x20008730        0x0 ./Debug/driver_src_stm32f4xx_exti.c.o

.bss            0x20008730     0x8388
                0x20008730                . = ALIGN (0x4)
                0x20008730                _sbss = .
 *(.bss)
 .bss           0x20008730        0x0 ./Debug/driver_src_stm32f4xx_exti.c.o
 .bss           0x20008730        0x0 ./Debug/driver_src_stm32f4xx_can.c.o
 .bss           0x20008730        0x0 ./Debug/driver_src_stm32f4xx_usart.c.o
 .bss           0x20008730        0x0 ./Debug/driver_src_stm32f4xx_gpio.c.o
 .bss           0x20008730        0x0 ./Debug/driver_src_stm32f4xx_dac.c.o
 .bss           0x20008730        0x0 ./Debug/sciTinyTimber.c.o
 .bss           0x20008730       0x18 ./Debug/TinyTimber.c.o
                0x20008730                msgQ
                0x20008734                timerQ
                0x20008738                runAsHardware
                0x2000873c                doIRQSchedule
                0x20008740                timestamp
                0x20008744                overflows
 .bss           0x20008748        0x0 ./Debug/startup.c.o
 .bss           0x20008748        0x0 ./Debug/dispatch.s.o
 .bss           0x20008748        0x0 ./Debug/driver_src_stm32f4xx_tim.c.o
 .bss           0x20008748        0x0 ./Debug/application.c.o
 .bss           0x20008748        0x0 ./Debug/canTinyTimber.c.o
 .bss           0x20008748        0x0 ./Debug/driver_src_stm32f4xx_syscfg.c.o
 .bss           0x20008748        0x0 ./Debug/driver_src_stm32f4xx_rcc.c.o
 .bss           0x20008748        0x0 c:/cseapp/codelite/tools/gcc-arm/bin/../lib/gcc/arm-none-eabi/9.2.1/../../../../arm-none-eabi/lib/thumb/v7e-m+fp/hard\libc_nano.a(lib_a-atoi.o)
 .bss           0x20008748        0x0 c:/cseapp/codelite/tools/gcc-arm/bin/../lib/gcc/arm-none-eabi/9.2.1/../../../../arm-none-eabi/lib/thumb/v7e-m+fp/hard\libc_nano.a(lib_a-snprintf.o)
 .bss           0x20008748        0x0 c:/cseapp/codelite/tools/gcc-arm/bin/../lib/gcc/arm-none-eabi/9.2.1/../../../../arm-none-eabi/lib/thumb/v7e-m+fp/hard\libc_nano.a(lib_a-strtol.o)
 .bss           0x20008748        0x0 c:/cseapp/codelite/tools/gcc-arm/bin/../lib/gcc/arm-none-eabi/9.2.1/../../../../arm-none-eabi/lib/thumb/v7e-m+fp/hard\libc_nano.a(lib_a-ctype_.o)
 .bss           0x20008748        0x0 c:/cseapp/codelite/tools/gcc-arm/bin/../lib/gcc/arm-none-eabi/9.2.1/../../../../arm-none-eabi/lib/thumb/v7e-m+fp/hard\libc_nano.a(lib_a-impure.o)
 .bss           0x20008748        0x0 c:/cseapp/codelite/tools/gcc-arm/bin/../lib/gcc/arm-none-eabi/9.2.1/../../../../arm-none-eabi/lib/thumb/v7e-m+fp/hard\libc_nano.a(lib_a-nano-svfprintf.o)
 .bss           0x20008748        0x0 c:/cseapp/codelite/tools/gcc-arm/bin/../lib/gcc/arm-none-eabi/9.2.1/../../../../arm-none-eabi/lib/thumb/v7e-m+fp/hard\libc_nano.a(lib_a-nano-vfprintf_i.o)
 .bss           0x20008748        0x0 c:/cseapp/codelite/tools/gcc-arm/bin/../lib/gcc/arm-none-eabi/9.2.1/../../../../arm-none-eabi/lib/thumb/v7e-m+fp/hard\libc_nano.a(lib_a-memchr.o)
 .bss           0x20008748        0x0 c:/cseapp/codelite/tools/gcc-arm/bin/../lib/gcc/arm-none-eabi/9.2.1/../../../../arm-none-eabi/lib/thumb/v7e-m+fp/hard\libc_nano.a(lib_a-memcpy-stub.o)
 .bss           0x20008748        0x0 c:/cseapp/codelite/tools/gcc-arm/bin/../lib/gcc/arm-none-eabi/9.2.1/../../../../arm-none-eabi/lib/thumb/v7e-m+fp/hard\libc_nano.a(lib_a-memmove.o)
 .bss           0x20008748        0x0 c:/cseapp/codelite/tools/gcc-arm/bin/../lib/gcc/arm-none-eabi/9.2.1/../../../../arm-none-eabi/lib/thumb/v7e-m+fp/hard\libc_nano.a(lib_a-nano-freer.o)
 .bss           0x20008748        0x0 c:/cseapp/codelite/tools/gcc-arm/bin/../lib/gcc/arm-none-eabi/9.2.1/../../../../arm-none-eabi/lib/thumb/v7e-m+fp/hard\libc_nano.a(lib_a-nano-mallocr.o)
 .bss           0x20008748        0x0 c:/cseapp/codelite/tools/gcc-arm/bin/../lib/gcc/arm-none-eabi/9.2.1/../../../../arm-none-eabi/lib/thumb/v7e-m+fp/hard\libc_nano.a(lib_a-nano-reallocr.o)
 .bss           0x20008748        0x0 c:/cseapp/codelite/tools/gcc-arm/bin/../lib/gcc/arm-none-eabi/9.2.1/../../../../arm-none-eabi/lib/thumb/v7e-m+fp/hard\libc_nano.a(lib_a-sbrkr.o)
 .bss           0x20008748        0x0 c:/cseapp/codelite/tools/gcc-arm/bin/../lib/gcc/arm-none-eabi/9.2.1/../../../../arm-none-eabi/lib/thumb/v7e-m+fp/hard\libc_nano.a(lib_a-mlock.o)
 .bss           0x20008748        0x0 c:/cseapp/codelite/tools/gcc-arm/bin/../lib/gcc/arm-none-eabi/9.2.1/../../../../arm-none-eabi/lib/thumb/v7e-m+fp/hard\libc_nano.a(lib_a-nano-msizer.o)
 .bss           0x20008748        0x0 c:/cseapp/codelite/tools/gcc-arm/bin/../lib/gcc/arm-none-eabi/9.2.1/../../../../arm-none-eabi/lib/thumb/v7e-m+fp/hard\libc_nano.a(lib_a-reent.o)
 .bss           0x20008748        0x0 c:/cseapp/codelite/tools/gcc-arm/bin/../lib/gcc/arm-none-eabi/9.2.1/../../../../arm-none-eabi/lib/thumb/v7e-m+fp/hard\libc_nano.a(lib_a-lock.o)
 *(.bss.*)
 .bss.__malloc_free_list
                0x20008748        0x4 c:/cseapp/codelite/tools/gcc-arm/bin/../lib/gcc/arm-none-eabi/9.2.1/../../../../arm-none-eabi/lib/thumb/v7e-m+fp/hard\libc_nano.a(lib_a-nano-mallocr.o)
                0x20008748                __malloc_free_list
 .bss.__malloc_sbrk_start
                0x2000874c        0x4 c:/cseapp/codelite/tools/gcc-arm/bin/../lib/gcc/arm-none-eabi/9.2.1/../../../../arm-none-eabi/lib/thumb/v7e-m+fp/hard\libc_nano.a(lib_a-nano-mallocr.o)
                0x2000874c                __malloc_sbrk_start
 *(COMMON)
 COMMON         0x20008750     0x8358 ./Debug/TinyTimber.c.o
                0x20008750                otable
                0x2000875c                upcoming
                0x20008760                threads
                0x200087b0                mtable
                0x200087bc                thread0
                0x200087d0                messages
                0x20008aa0                __heap_end
                0x20008aa8                stacks
 COMMON         0x20010aa8        0x4 c:/cseapp/codelite/tools/gcc-arm/bin/../lib/gcc/arm-none-eabi/9.2.1/../../../../arm-none-eabi/lib/thumb/v7e-m+fp/hard\libc_nano.a(lib_a-reent.o)
                0x20010aa8                errno
 COMMON         0x20010aac        0x9 c:/cseapp/codelite/tools/gcc-arm/bin/../lib/gcc/arm-none-eabi/9.2.1/../../../../arm-none-eabi/lib/thumb/v7e-m+fp/hard\libc_nano.a(lib_a-lock.o)
                0x20010aac                __lock___atexit_recursive_mutex
                0x20010aad                __lock___arc4random_mutex
                0x20010aae                __lock___env_recursive_mutex
                0x20010aaf                __lock___sinit_recursive_mutex
                0x20010ab0                __lock___malloc_recursive_mutex
                0x20010ab1                __lock___at_quick_exit_mutex
                0x20010ab2                __lock___dd_hash_mutex
                0x20010ab3                __lock___tz_mutex
                0x20010ab4                __lock___sfp_recursive_mutex
                0x20010ab8                . = ALIGN (0x4)
 *fill*         0x20010ab5        0x3 
                0x20010ab8                _ebss = .
                0x20010ab8                PROVIDE (end = _ebss)
                [!provide]                PROVIDE (_end = _ebss)
OUTPUT(./Debug/RTS-Lab.elf elf32-littlearm)

.debug_info     0x00000000     0xa43f
 .debug_info    0x00000000      0x383 ./Debug/driver_src_stm32f4xx_exti.c.o
 .debug_info    0x00000383      0xc60 ./Debug/driver_src_stm32f4xx_can.c.o
 .debug_info    0x00000fe3      0xa68 ./Debug/driver_src_stm32f4xx_usart.c.o
 .debug_info    0x00001a4b      0x67f ./Debug/driver_src_stm32f4xx_gpio.c.o
 .debug_info    0x000020ca      0x6af ./Debug/driver_src_stm32f4xx_dac.c.o
 .debug_info    0x00002779      0x9d1 ./Debug/sciTinyTimber.c.o
 .debug_info    0x0000314a     0x183c ./Debug/TinyTimber.c.o
 .debug_info    0x00004986      0xade ./Debug/startup.c.o
 .debug_info    0x00005464     0x1e26 ./Debug/driver_src_stm32f4xx_tim.c.o
 .debug_info    0x0000728a     0x1249 ./Debug/application.c.o
 .debug_info    0x000084d3      0xdb4 ./Debug/canTinyTimber.c.o
 .debug_info    0x00009287      0x2c4 ./Debug/driver_src_stm32f4xx_syscfg.c.o
 .debug_info    0x0000954b      0xef4 ./Debug/driver_src_stm32f4xx_rcc.c.o

.debug_abbrev   0x00000000     0x1dea
 .debug_abbrev  0x00000000      0x1ea ./Debug/driver_src_stm32f4xx_exti.c.o
 .debug_abbrev  0x000001ea      0x238 ./Debug/driver_src_stm32f4xx_can.c.o
 .debug_abbrev  0x00000422      0x1a8 ./Debug/driver_src_stm32f4xx_usart.c.o
 .debug_abbrev  0x000005ca      0x1e6 ./Debug/driver_src_stm32f4xx_gpio.c.o
 .debug_abbrev  0x000007b0      0x1b9 ./Debug/driver_src_stm32f4xx_dac.c.o
 .debug_abbrev  0x00000969      0x273 ./Debug/sciTinyTimber.c.o
 .debug_abbrev  0x00000bdc      0x4f2 ./Debug/TinyTimber.c.o
 .debug_abbrev  0x000010ce      0x286 ./Debug/startup.c.o
 .debug_abbrev  0x00001354      0x1c2 ./Debug/driver_src_stm32f4xx_tim.c.o
 .debug_abbrev  0x00001516      0x300 ./Debug/application.c.o
 .debug_abbrev  0x00001816      0x277 ./Debug/canTinyTimber.c.o
 .debug_abbrev  0x00001a8d      0x164 ./Debug/driver_src_stm32f4xx_syscfg.c.o
 .debug_abbrev  0x00001bf1      0x1f9 ./Debug/driver_src_stm32f4xx_rcc.c.o

.debug_aranges  0x00000000      0x1a8
 .debug_aranges
                0x00000000       0x20 ./Debug/driver_src_stm32f4xx_exti.c.o
 .debug_aranges
                0x00000020       0x20 ./Debug/driver_src_stm32f4xx_can.c.o
 .debug_aranges
                0x00000040       0x20 ./Debug/driver_src_stm32f4xx_usart.c.o
 .debug_aranges
                0x00000060       0x20 ./Debug/driver_src_stm32f4xx_gpio.c.o
 .debug_aranges
                0x00000080       0x20 ./Debug/driver_src_stm32f4xx_dac.c.o
 .debug_aranges
                0x000000a0       0x20 ./Debug/sciTinyTimber.c.o
 .debug_aranges
                0x000000c0       0x20 ./Debug/TinyTimber.c.o
 .debug_aranges
                0x000000e0       0x28 ./Debug/startup.c.o
 .debug_aranges
                0x00000108       0x20 ./Debug/driver_src_stm32f4xx_tim.c.o
 .debug_aranges
                0x00000128       0x20 ./Debug/application.c.o
 .debug_aranges
                0x00000148       0x20 ./Debug/canTinyTimber.c.o
 .debug_aranges
                0x00000168       0x20 ./Debug/driver_src_stm32f4xx_syscfg.c.o
 .debug_aranges
                0x00000188       0x20 ./Debug/driver_src_stm32f4xx_rcc.c.o

.debug_line     0x00000000     0x4567
 .debug_line    0x00000000      0x2c7 ./Debug/driver_src_stm32f4xx_exti.c.o
 .debug_line    0x000002c7      0x89f ./Debug/driver_src_stm32f4xx_can.c.o
 .debug_line    0x00000b66      0x55a ./Debug/driver_src_stm32f4xx_usart.c.o
 .debug_line    0x000010c0      0x3f8 ./Debug/driver_src_stm32f4xx_gpio.c.o
 .debug_line    0x000014b8      0x39d ./Debug/driver_src_stm32f4xx_dac.c.o
 .debug_line    0x00001855      0x29d ./Debug/sciTinyTimber.c.o
 .debug_line    0x00001af2      0xa61 ./Debug/TinyTimber.c.o
 .debug_line    0x00002553      0x353 ./Debug/startup.c.o
 .debug_line    0x000028a6      0xb6d ./Debug/driver_src_stm32f4xx_tim.c.o
 .debug_line    0x00003413      0x41b ./Debug/application.c.o
 .debug_line    0x0000382e      0x3fb ./Debug/canTinyTimber.c.o
 .debug_line    0x00003c29      0x1ee ./Debug/driver_src_stm32f4xx_syscfg.c.o
 .debug_line    0x00003e17      0x750 ./Debug/driver_src_stm32f4xx_rcc.c.o

.debug_str      0x00000000     0x3673
 .debug_str     0x00000000      0x321 ./Debug/driver_src_stm32f4xx_exti.c.o
                                0x38a (size before relaxing)
 .debug_str     0x00000321      0x574 ./Debug/driver_src_stm32f4xx_can.c.o
                                0x77c (size before relaxing)
 .debug_str     0x00000895      0x490 ./Debug/driver_src_stm32f4xx_usart.c.o
                                0x6cd (size before relaxing)
 .debug_str     0x00000d25      0x318 ./Debug/driver_src_stm32f4xx_gpio.c.o
                                0x4e1 (size before relaxing)
 .debug_str     0x0000103d      0x291 ./Debug/driver_src_stm32f4xx_dac.c.o
                                0x491 (size before relaxing)
 .debug_str     0x000012ce      0x678 ./Debug/sciTinyTimber.c.o
                                0x8b1 (size before relaxing)
 .debug_str     0x00001946      0x3f6 ./Debug/TinyTimber.c.o
                                0xc91 (size before relaxing)
 .debug_str     0x00001d3c      0x128 ./Debug/startup.c.o
                                0x7d4 (size before relaxing)
 .debug_str     0x00001e64      0xa7c ./Debug/driver_src_stm32f4xx_tim.c.o
                                0xe0e (size before relaxing)
 .debug_str     0x000028e0      0x491 ./Debug/application.c.o
                                0x817 (size before relaxing)
 .debug_str     0x00002d71       0x71 ./Debug/canTinyTimber.c.o
                                0xa52 (size before relaxing)
 .debug_str     0x00002de2      0x173 ./Debug/driver_src_stm32f4xx_syscfg.c.o
                                0x34c (size before relaxing)
 .debug_str     0x00002f55      0x71e ./Debug/driver_src_stm32f4xx_rcc.c.o
                                0x9d3 (size before relaxing)

.comment        0x00000000       0x79
 .comment       0x00000000       0x79 ./Debug/driver_src_stm32f4xx_exti.c.o
                                 0x7a (size before relaxing)
 .comment       0x00000079       0x7a ./Debug/driver_src_stm32f4xx_can.c.o
 .comment       0x00000079       0x7a ./Debug/driver_src_stm32f4xx_usart.c.o
 .comment       0x00000079       0x7a ./Debug/driver_src_stm32f4xx_gpio.c.o
 .comment       0x00000079       0x7a ./Debug/driver_src_stm32f4xx_dac.c.o
 .comment       0x00000079       0x7a ./Debug/sciTinyTimber.c.o
 .comment       0x00000079       0x7a ./Debug/TinyTimber.c.o
 .comment       0x00000079       0x7a ./Debug/startup.c.o
 .comment       0x00000079       0x7a ./Debug/driver_src_stm32f4xx_tim.c.o
 .comment       0x00000079       0x7a ./Debug/application.c.o
 .comment       0x00000079       0x7a ./Debug/canTinyTimber.c.o
 .comment       0x00000079       0x7a ./Debug/driver_src_stm32f4xx_syscfg.c.o
 .comment       0x00000079       0x7a ./Debug/driver_src_stm32f4xx_rcc.c.o

.ARM.attributes
                0x00000000       0x32
 .ARM.attributes
                0x00000000       0x34 ./Debug/driver_src_stm32f4xx_exti.c.o
 .ARM.attributes
                0x00000034       0x34 ./Debug/driver_src_stm32f4xx_can.c.o
 .ARM.attributes
                0x00000068       0x34 ./Debug/driver_src_stm32f4xx_usart.c.o
 .ARM.attributes
                0x0000009c       0x34 ./Debug/driver_src_stm32f4xx_gpio.c.o
 .ARM.attributes
                0x000000d0       0x34 ./Debug/driver_src_stm32f4xx_dac.c.o
 .ARM.attributes
                0x00000104       0x34 ./Debug/sciTinyTimber.c.o
 .ARM.attributes
                0x00000138       0x34 ./Debug/TinyTimber.c.o
 .ARM.attributes
                0x0000016c       0x34 ./Debug/startup.c.o
 .ARM.attributes
                0x000001a0       0x25 ./Debug/dispatch.s.o
 .ARM.attributes
                0x000001c5       0x34 ./Debug/driver_src_stm32f4xx_tim.c.o
 .ARM.attributes
                0x000001f9       0x34 ./Debug/application.c.o
 .ARM.attributes
                0x0000022d       0x34 ./Debug/canTinyTimber.c.o
 .ARM.attributes
                0x00000261       0x34 ./Debug/driver_src_stm32f4xx_syscfg.c.o
 .ARM.attributes
                0x00000295       0x34 ./Debug/driver_src_stm32f4xx_rcc.c.o
 .ARM.attributes
                0x000002c9       0x34 c:/cseapp/codelite/tools/gcc-arm/bin/../lib/gcc/arm-none-eabi/9.2.1/../../../../arm-none-eabi/lib/thumb/v7e-m+fp/hard\libc_nano.a(lib_a-atoi.o)
 .ARM.attributes
                0x000002fd       0x34 c:/cseapp/codelite/tools/gcc-arm/bin/../lib/gcc/arm-none-eabi/9.2.1/../../../../arm-none-eabi/lib/thumb/v7e-m+fp/hard\libc_nano.a(lib_a-snprintf.o)
 .ARM.attributes
                0x00000331       0x34 c:/cseapp/codelite/tools/gcc-arm/bin/../lib/gcc/arm-none-eabi/9.2.1/../../../../arm-none-eabi/lib/thumb/v7e-m+fp/hard\libc_nano.a(lib_a-strtol.o)
 .ARM.attributes
                0x00000365       0x32 c:/cseapp/codelite/tools/gcc-arm/bin/../lib/gcc/arm-none-eabi/9.2.1/../../../../arm-none-eabi/lib/thumb/v7e-m+fp/hard\libc_nano.a(lib_a-ctype_.o)
 .ARM.attributes
                0x00000397       0x32 c:/cseapp/codelite/tools/gcc-arm/bin/../lib/gcc/arm-none-eabi/9.2.1/../../../../arm-none-eabi/lib/thumb/v7e-m+fp/hard\libc_nano.a(lib_a-impure.o)
 .ARM.attributes
                0x000003c9       0x34 c:/cseapp/codelite/tools/gcc-arm/bin/../lib/gcc/arm-none-eabi/9.2.1/../../../../arm-none-eabi/lib/thumb/v7e-m+fp/hard\libc_nano.a(lib_a-nano-svfprintf.o)
 .ARM.attributes
                0x000003fd       0x34 c:/cseapp/codelite/tools/gcc-arm/bin/../lib/gcc/arm-none-eabi/9.2.1/../../../../arm-none-eabi/lib/thumb/v7e-m+fp/hard\libc_nano.a(lib_a-nano-vfprintf_i.o)
 .ARM.attributes
                0x00000431       0x1c c:/cseapp/codelite/tools/gcc-arm/bin/../lib/gcc/arm-none-eabi/9.2.1/../../../../arm-none-eabi/lib/thumb/v7e-m+fp/hard\libc_nano.a(lib_a-memchr.o)
 .ARM.attributes
                0x0000044d       0x34 c:/cseapp/codelite/tools/gcc-arm/bin/../lib/gcc/arm-none-eabi/9.2.1/../../../../arm-none-eabi/lib/thumb/v7e-m+fp/hard\libc_nano.a(lib_a-memcpy-stub.o)
 .ARM.attributes
                0x00000481       0x34 c:/cseapp/codelite/tools/gcc-arm/bin/../lib/gcc/arm-none-eabi/9.2.1/../../../../arm-none-eabi/lib/thumb/v7e-m+fp/hard\libc_nano.a(lib_a-memmove.o)
 .ARM.attributes
                0x000004b5       0x34 c:/cseapp/codelite/tools/gcc-arm/bin/../lib/gcc/arm-none-eabi/9.2.1/../../../../arm-none-eabi/lib/thumb/v7e-m+fp/hard\libc_nano.a(lib_a-nano-freer.o)
 .ARM.attributes
                0x000004e9       0x34 c:/cseapp/codelite/tools/gcc-arm/bin/../lib/gcc/arm-none-eabi/9.2.1/../../../../arm-none-eabi/lib/thumb/v7e-m+fp/hard\libc_nano.a(lib_a-nano-mallocr.o)
 .ARM.attributes
                0x0000051d       0x34 c:/cseapp/codelite/tools/gcc-arm/bin/../lib/gcc/arm-none-eabi/9.2.1/../../../../arm-none-eabi/lib/thumb/v7e-m+fp/hard\libc_nano.a(lib_a-nano-reallocr.o)
 .ARM.attributes
                0x00000551       0x34 c:/cseapp/codelite/tools/gcc-arm/bin/../lib/gcc/arm-none-eabi/9.2.1/../../../../arm-none-eabi/lib/thumb/v7e-m+fp/hard\libc_nano.a(lib_a-sbrkr.o)
 .ARM.attributes
                0x00000585       0x34 c:/cseapp/codelite/tools/gcc-arm/bin/../lib/gcc/arm-none-eabi/9.2.1/../../../../arm-none-eabi/lib/thumb/v7e-m+fp/hard\libc_nano.a(lib_a-mlock.o)
 .ARM.attributes
                0x000005b9       0x34 c:/cseapp/codelite/tools/gcc-arm/bin/../lib/gcc/arm-none-eabi/9.2.1/../../../../arm-none-eabi/lib/thumb/v7e-m+fp/hard\libc_nano.a(lib_a-nano-msizer.o)
 .ARM.attributes
                0x000005ed       0x34 c:/cseapp/codelite/tools/gcc-arm/bin/../lib/gcc/arm-none-eabi/9.2.1/../../../../arm-none-eabi/lib/thumb/v7e-m+fp/hard\libc_nano.a(lib_a-reent.o)
 .ARM.attributes
                0x00000621       0x34 c:/cseapp/codelite/tools/gcc-arm/bin/../lib/gcc/arm-none-eabi/9.2.1/../../../../arm-none-eabi/lib/thumb/v7e-m+fp/hard\libc_nano.a(lib_a-lock.o)

.debug_frame    0x00000000     0x345c
 .debug_frame   0x00000000      0x148 ./Debug/driver_src_stm32f4xx_exti.c.o
 .debug_frame   0x00000148      0x3f8 ./Debug/driver_src_stm32f4xx_can.c.o
 .debug_frame   0x00000540      0x490 ./Debug/driver_src_stm32f4xx_usart.c.o
 .debug_frame   0x000009d0      0x23c ./Debug/driver_src_stm32f4xx_gpio.c.o
 .debug_frame   0x00000c0c      0x2ac ./Debug/driver_src_stm32f4xx_dac.c.o
 .debug_frame   0x00000eb8      0x11c ./Debug/sciTinyTimber.c.o
 .debug_frame   0x00000fd4      0x57c ./Debug/TinyTimber.c.o
 .debug_frame   0x00001550      0x14c ./Debug/startup.c.o
 .debug_frame   0x0000169c      0xe54 ./Debug/driver_src_stm32f4xx_tim.c.o
 .debug_frame   0x000024f0       0xc0 ./Debug/application.c.o
 .debug_frame   0x000025b0      0x100 ./Debug/canTinyTimber.c.o
 .debug_frame   0x000026b0      0x11c ./Debug/driver_src_stm32f4xx_syscfg.c.o
 .debug_frame   0x000027cc      0x814 ./Debug/driver_src_stm32f4xx_rcc.c.o
 .debug_frame   0x00002fe0       0x30 c:/cseapp/codelite/tools/gcc-arm/bin/../lib/gcc/arm-none-eabi/9.2.1/../../../../arm-none-eabi/lib/thumb/v7e-m+fp/hard\libc_nano.a(lib_a-atoi.o)
 .debug_frame   0x00003010       0x7c c:/cseapp/codelite/tools/gcc-arm/bin/../lib/gcc/arm-none-eabi/9.2.1/../../../../arm-none-eabi/lib/thumb/v7e-m+fp/hard\libc_nano.a(lib_a-snprintf.o)
 .debug_frame   0x0000308c       0x64 c:/cseapp/codelite/tools/gcc-arm/bin/../lib/gcc/arm-none-eabi/9.2.1/../../../../arm-none-eabi/lib/thumb/v7e-m+fp/hard\libc_nano.a(lib_a-strtol.o)
 .debug_frame   0x000030f0       0x90 c:/cseapp/codelite/tools/gcc-arm/bin/../lib/gcc/arm-none-eabi/9.2.1/../../../../arm-none-eabi/lib/thumb/v7e-m+fp/hard\libc_nano.a(lib_a-nano-svfprintf.o)
 .debug_frame   0x00003180       0x60 c:/cseapp/codelite/tools/gcc-arm/bin/../lib/gcc/arm-none-eabi/9.2.1/../../../../arm-none-eabi/lib/thumb/v7e-m+fp/hard\libc_nano.a(lib_a-nano-vfprintf_i.o)
 .debug_frame   0x000031e0       0x28 c:/cseapp/codelite/tools/gcc-arm/bin/../lib/gcc/arm-none-eabi/9.2.1/../../../../arm-none-eabi/lib/thumb/v7e-m+fp/hard\libc_nano.a(lib_a-memcpy-stub.o)
 .debug_frame   0x00003208       0x28 c:/cseapp/codelite/tools/gcc-arm/bin/../lib/gcc/arm-none-eabi/9.2.1/../../../../arm-none-eabi/lib/thumb/v7e-m+fp/hard\libc_nano.a(lib_a-memmove.o)
 .debug_frame   0x00003230       0x38 c:/cseapp/codelite/tools/gcc-arm/bin/../lib/gcc/arm-none-eabi/9.2.1/../../../../arm-none-eabi/lib/thumb/v7e-m+fp/hard\libc_nano.a(lib_a-nano-freer.o)
 .debug_frame   0x00003268       0x30 c:/cseapp/codelite/tools/gcc-arm/bin/../lib/gcc/arm-none-eabi/9.2.1/../../../../arm-none-eabi/lib/thumb/v7e-m+fp/hard\libc_nano.a(lib_a-nano-mallocr.o)
 .debug_frame   0x00003298       0x3c c:/cseapp/codelite/tools/gcc-arm/bin/../lib/gcc/arm-none-eabi/9.2.1/../../../../arm-none-eabi/lib/thumb/v7e-m+fp/hard\libc_nano.a(lib_a-nano-reallocr.o)
 .debug_frame   0x000032d4       0x2c c:/cseapp/codelite/tools/gcc-arm/bin/../lib/gcc/arm-none-eabi/9.2.1/../../../../arm-none-eabi/lib/thumb/v7e-m+fp/hard\libc_nano.a(lib_a-sbrkr.o)
 .debug_frame   0x00003300       0x30 c:/cseapp/codelite/tools/gcc-arm/bin/../lib/gcc/arm-none-eabi/9.2.1/../../../../arm-none-eabi/lib/thumb/v7e-m+fp/hard\libc_nano.a(lib_a-mlock.o)
 .debug_frame   0x00003330       0x20 c:/cseapp/codelite/tools/gcc-arm/bin/../lib/gcc/arm-none-eabi/9.2.1/../../../../arm-none-eabi/lib/thumb/v7e-m+fp/hard\libc_nano.a(lib_a-nano-msizer.o)
 .debug_frame   0x00003350       0x5c c:/cseapp/codelite/tools/gcc-arm/bin/../lib/gcc/arm-none-eabi/9.2.1/../../../../arm-none-eabi/lib/thumb/v7e-m+fp/hard\libc_nano.a(lib_a-reent.o)
 .debug_frame   0x000033ac       0xb0 c:/cseapp/codelite/tools/gcc-arm/bin/../lib/gcc/arm-none-eabi/9.2.1/../../../../arm-none-eabi/lib/thumb/v7e-m+fp/hard\libc_nano.a(lib_a-lock.o)

.debug_ranges   0x00000000       0x18
 .debug_ranges  0x00000000       0x18 ./Debug/startup.c.o

Cross Reference Table

Symbol                                            File
ABORT                                             ./Debug/TinyTimber.c.o
CAN_CancelTransmit                                ./Debug/driver_src_stm32f4xx_can.c.o
CAN_ClearFlag                                     ./Debug/driver_src_stm32f4xx_can.c.o
CAN_ClearITPendingBit                             ./Debug/driver_src_stm32f4xx_can.c.o
CAN_DBGFreeze                                     ./Debug/driver_src_stm32f4xx_can.c.o
CAN_DeInit                                        ./Debug/driver_src_stm32f4xx_can.c.o
                                                  ./Debug/startup.c.o
CAN_FIFORelease                                   ./Debug/driver_src_stm32f4xx_can.c.o
CAN_FilterInit                                    ./Debug/driver_src_stm32f4xx_can.c.o
                                                  ./Debug/startup.c.o
CAN_GetFlagStatus                                 ./Debug/driver_src_stm32f4xx_can.c.o
                                                  ./Debug/canTinyTimber.c.o
CAN_GetITStatus                                   ./Debug/driver_src_stm32f4xx_can.c.o
CAN_GetLSBTransmitErrorCounter                    ./Debug/driver_src_stm32f4xx_can.c.o
CAN_GetLastErrorCode                              ./Debug/driver_src_stm32f4xx_can.c.o
CAN_GetReceiveErrorCounter                        ./Debug/driver_src_stm32f4xx_can.c.o
CAN_ITConfig                                      ./Debug/driver_src_stm32f4xx_can.c.o
                                                  ./Debug/canTinyTimber.c.o
CAN_Init                                          ./Debug/driver_src_stm32f4xx_can.c.o
                                                  ./Debug/canTinyTimber.c.o
CAN_MessagePending                                ./Debug/driver_src_stm32f4xx_can.c.o
CAN_OperatingModeRequest                          ./Debug/driver_src_stm32f4xx_can.c.o
CAN_Receive                                       ./Debug/driver_src_stm32f4xx_can.c.o
                                                  ./Debug/canTinyTimber.c.o
CAN_SlaveStartBank                                ./Debug/driver_src_stm32f4xx_can.c.o
CAN_Sleep                                         ./Debug/driver_src_stm32f4xx_can.c.o
CAN_StructInit                                    ./Debug/driver_src_stm32f4xx_can.c.o
                                                  ./Debug/canTinyTimber.c.o
CAN_TTComModeCmd                                  ./Debug/driver_src_stm32f4xx_can.c.o
CAN_Transmit                                      ./Debug/driver_src_stm32f4xx_can.c.o
                                                  ./Debug/canTinyTimber.c.o
CAN_TransmitStatus                                ./Debug/driver_src_stm32f4xx_can.c.o
CAN_WakeUp                                        ./Debug/driver_src_stm32f4xx_can.c.o
CURRENT_OFFSET                                    ./Debug/TinyTimber.c.o
DAC_ClearFlag                                     ./Debug/driver_src_stm32f4xx_dac.c.o
DAC_ClearITPendingBit                             ./Debug/driver_src_stm32f4xx_dac.c.o
DAC_Cmd                                           ./Debug/driver_src_stm32f4xx_dac.c.o
                                                  ./Debug/startup.c.o
DAC_DMACmd                                        ./Debug/driver_src_stm32f4xx_dac.c.o
DAC_DeInit                                        ./Debug/driver_src_stm32f4xx_dac.c.o
                                                  ./Debug/startup.c.o
DAC_DualSoftwareTriggerCmd                        ./Debug/driver_src_stm32f4xx_dac.c.o
DAC_GetDataOutputValue                            ./Debug/driver_src_stm32f4xx_dac.c.o
DAC_GetFlagStatus                                 ./Debug/driver_src_stm32f4xx_dac.c.o
DAC_GetITStatus                                   ./Debug/driver_src_stm32f4xx_dac.c.o
DAC_ITConfig                                      ./Debug/driver_src_stm32f4xx_dac.c.o
DAC_Init                                          ./Debug/driver_src_stm32f4xx_dac.c.o
                                                  ./Debug/startup.c.o
DAC_SetChannel1Data                               ./Debug/driver_src_stm32f4xx_dac.c.o
DAC_SetChannel2Data                               ./Debug/driver_src_stm32f4xx_dac.c.o
                                                  ./Debug/startup.c.o
DAC_SetDualChannelData                            ./Debug/driver_src_stm32f4xx_dac.c.o
DAC_SoftwareTriggerCmd                            ./Debug/driver_src_stm32f4xx_dac.c.o
DAC_StructInit                                    ./Debug/driver_src_stm32f4xx_dac.c.o
                                                  ./Debug/startup.c.o
DAC_WaveGenerationCmd                             ./Debug/driver_src_stm32f4xx_dac.c.o
DUMP                                              ./Debug/TinyTimber.c.o
                                                  ./Debug/canTinyTimber.c.o
                                                  ./Debug/dispatch.s.o
DUMPC                                             ./Debug/TinyTimber.c.o
DUMPD                                             ./Debug/TinyTimber.c.o
                                                  ./Debug/dispatch.s.o
DUMPH                                             ./Debug/TinyTimber.c.o
                                                  ./Debug/dispatch.s.o
EXTI_ClearFlag                                    ./Debug/driver_src_stm32f4xx_exti.c.o
EXTI_ClearITPendingBit                            ./Debug/driver_src_stm32f4xx_exti.c.o
EXTI_DeInit                                       ./Debug/driver_src_stm32f4xx_exti.c.o
                                                  ./Debug/startup.c.o
EXTI_GenerateSWInterrupt                          ./Debug/driver_src_stm32f4xx_exti.c.o
EXTI_GetFlagStatus                                ./Debug/driver_src_stm32f4xx_exti.c.o
EXTI_GetITStatus                                  ./Debug/driver_src_stm32f4xx_exti.c.o
EXTI_Init                                         ./Debug/driver_src_stm32f4xx_exti.c.o
                                                  ./Debug/startup.c.o
EXTI_StructInit                                   ./Debug/driver_src_stm32f4xx_exti.c.o
                                                  ./Debug/startup.c.o
GPIO_DeInit                                       ./Debug/driver_src_stm32f4xx_gpio.c.o
                                                  ./Debug/startup.c.o
GPIO_Init                                         ./Debug/driver_src_stm32f4xx_gpio.c.o
                                                  ./Debug/startup.c.o
GPIO_PinAFConfig                                  ./Debug/driver_src_stm32f4xx_gpio.c.o
                                                  ./Debug/startup.c.o
GPIO_PinLockConfig                                ./Debug/driver_src_stm32f4xx_gpio.c.o
GPIO_ReadInputData                                ./Debug/driver_src_stm32f4xx_gpio.c.o
GPIO_ReadInputDataBit                             ./Debug/driver_src_stm32f4xx_gpio.c.o
GPIO_ReadOutputData                               ./Debug/driver_src_stm32f4xx_gpio.c.o
GPIO_ReadOutputDataBit                            ./Debug/driver_src_stm32f4xx_gpio.c.o
GPIO_ResetBits                                    ./Debug/driver_src_stm32f4xx_gpio.c.o
GPIO_SetBits                                      ./Debug/driver_src_stm32f4xx_gpio.c.o
GPIO_StructInit                                   ./Debug/driver_src_stm32f4xx_gpio.c.o
                                                  ./Debug/startup.c.o
GPIO_ToggleBits                                   ./Debug/driver_src_stm32f4xx_gpio.c.o
GPIO_Write                                        ./Debug/driver_src_stm32f4xx_gpio.c.o
GPIO_WriteBit                                     ./Debug/driver_src_stm32f4xx_gpio.c.o
                                                  ./Debug/startup.c.o
                                                  ./Debug/TinyTimber.c.o
RCC_AHB1PeriphClockCmd                            ./Debug/driver_src_stm32f4xx_rcc.c.o
                                                  ./Debug/startup.c.o
RCC_AHB1PeriphClockLPModeCmd                      ./Debug/driver_src_stm32f4xx_rcc.c.o
RCC_AHB1PeriphResetCmd                            ./Debug/driver_src_stm32f4xx_rcc.c.o
                                                  ./Debug/driver_src_stm32f4xx_gpio.c.o
RCC_AHB2PeriphClockCmd                            ./Debug/driver_src_stm32f4xx_rcc.c.o
RCC_AHB2PeriphClockLPModeCmd                      ./Debug/driver_src_stm32f4xx_rcc.c.o
RCC_AHB2PeriphResetCmd                            ./Debug/driver_src_stm32f4xx_rcc.c.o
RCC_AHB3PeriphClockCmd                            ./Debug/driver_src_stm32f4xx_rcc.c.o
RCC_AHB3PeriphClockLPModeCmd                      ./Debug/driver_src_stm32f4xx_rcc.c.o
RCC_AHB3PeriphResetCmd                            ./Debug/driver_src_stm32f4xx_rcc.c.o
RCC_APB1PeriphClockCmd                            ./Debug/driver_src_stm32f4xx_rcc.c.o
                                                  ./Debug/startup.c.o
RCC_APB1PeriphClockLPModeCmd                      ./Debug/driver_src_stm32f4xx_rcc.c.o
                                                  ./Debug/startup.c.o
RCC_APB1PeriphResetCmd                            ./Debug/driver_src_stm32f4xx_rcc.c.o
                                                  ./Debug/driver_src_stm32f4xx_tim.c.o
                                                  ./Debug/driver_src_stm32f4xx_dac.c.o
                                                  ./Debug/driver_src_stm32f4xx_usart.c.o
                                                  ./Debug/driver_src_stm32f4xx_can.c.o
RCC_APB2PeriphClockCmd                            ./Debug/driver_src_stm32f4xx_rcc.c.o
                                                  ./Debug/startup.c.o
RCC_APB2PeriphClockLPModeCmd                      ./Debug/driver_src_stm32f4xx_rcc.c.o
RCC_APB2PeriphResetCmd                            ./Debug/driver_src_stm32f4xx_rcc.c.o
                                                  ./Debug/driver_src_stm32f4xx_syscfg.c.o
                                                  ./Debug/driver_src_stm32f4xx_tim.c.o
                                                  ./Debug/driver_src_stm32f4xx_usart.c.o
RCC_AdjustHSICalibrationValue                     ./Debug/driver_src_stm32f4xx_rcc.c.o
RCC_BackupResetCmd                                ./Debug/driver_src_stm32f4xx_rcc.c.o
RCC_ClearFlag                                     ./Debug/driver_src_stm32f4xx_rcc.c.o
RCC_ClearITPendingBit                             ./Debug/driver_src_stm32f4xx_rcc.c.o
RCC_ClockSecuritySystemCmd                        ./Debug/driver_src_stm32f4xx_rcc.c.o
RCC_DeInit                                        ./Debug/driver_src_stm32f4xx_rcc.c.o
RCC_GetClocksFreq                                 ./Debug/driver_src_stm32f4xx_rcc.c.o
                                                  ./Debug/driver_src_stm32f4xx_usart.c.o
RCC_GetFlagStatus                                 ./Debug/driver_src_stm32f4xx_rcc.c.o
RCC_GetITStatus                                   ./Debug/driver_src_stm32f4xx_rcc.c.o
RCC_GetSYSCLKSource                               ./Debug/driver_src_stm32f4xx_rcc.c.o
RCC_HCLKConfig                                    ./Debug/driver_src_stm32f4xx_rcc.c.o
RCC_HSEConfig                                     ./Debug/driver_src_stm32f4xx_rcc.c.o
RCC_HSICmd                                        ./Debug/driver_src_stm32f4xx_rcc.c.o
RCC_I2SCLKConfig                                  ./Debug/driver_src_stm32f4xx_rcc.c.o
RCC_ITConfig                                      ./Debug/driver_src_stm32f4xx_rcc.c.o
RCC_LSEConfig                                     ./Debug/driver_src_stm32f4xx_rcc.c.o
RCC_LSICmd                                        ./Debug/driver_src_stm32f4xx_rcc.c.o
RCC_LTDCCLKDivConfig                              ./Debug/driver_src_stm32f4xx_rcc.c.o
RCC_MCO1Config                                    ./Debug/driver_src_stm32f4xx_rcc.c.o
RCC_MCO2Config                                    ./Debug/driver_src_stm32f4xx_rcc.c.o
RCC_PCLK1Config                                   ./Debug/driver_src_stm32f4xx_rcc.c.o
RCC_PCLK2Config                                   ./Debug/driver_src_stm32f4xx_rcc.c.o
RCC_PLLCmd                                        ./Debug/driver_src_stm32f4xx_rcc.c.o
RCC_PLLConfig                                     ./Debug/driver_src_stm32f4xx_rcc.c.o
RCC_PLLI2SCmd                                     ./Debug/driver_src_stm32f4xx_rcc.c.o
RCC_PLLI2SConfig                                  ./Debug/driver_src_stm32f4xx_rcc.c.o
RCC_PLLSAICmd                                     ./Debug/driver_src_stm32f4xx_rcc.c.o
RCC_PLLSAIConfig                                  ./Debug/driver_src_stm32f4xx_rcc.c.o
RCC_RTCCLKCmd                                     ./Debug/driver_src_stm32f4xx_rcc.c.o
RCC_RTCCLKConfig                                  ./Debug/driver_src_stm32f4xx_rcc.c.o
RCC_SAIBlockACLKConfig                            ./Debug/driver_src_stm32f4xx_rcc.c.o
RCC_SAIBlockBCLKConfig                            ./Debug/driver_src_stm32f4xx_rcc.c.o
RCC_SAIPLLI2SClkDivConfig                         ./Debug/driver_src_stm32f4xx_rcc.c.o
RCC_SAIPLLSAIClkDivConfig                         ./Debug/driver_src_stm32f4xx_rcc.c.o
RCC_SYSCLKConfig                                  ./Debug/driver_src_stm32f4xx_rcc.c.o
RCC_TIMCLKPresConfig                              ./Debug/driver_src_stm32f4xx_rcc.c.o
RCC_WaitForHSEStartUp                             ./Debug/driver_src_stm32f4xx_rcc.c.o
SETPC                                             ./Debug/TinyTimber.c.o
SETSTACK                                          ./Debug/TinyTimber.c.o
SYSCFG_CompensationCellCmd                        ./Debug/driver_src_stm32f4xx_syscfg.c.o
SYSCFG_DeInit                                     ./Debug/driver_src_stm32f4xx_syscfg.c.o
SYSCFG_ETH_MediaInterfaceConfig                   ./Debug/driver_src_stm32f4xx_syscfg.c.o
SYSCFG_EXTILineConfig                             ./Debug/driver_src_stm32f4xx_syscfg.c.o
                                                  ./Debug/startup.c.o
SYSCFG_GetCompensationCellStatus                  ./Debug/driver_src_stm32f4xx_syscfg.c.o
SYSCFG_MemoryRemapConfig                          ./Debug/driver_src_stm32f4xx_syscfg.c.o
SYSCFG_MemorySwappingBank                         ./Debug/driver_src_stm32f4xx_syscfg.c.o
TIMER_INIT                                        ./Debug/TinyTimber.c.o
TIM_ARRPreloadConfig                              ./Debug/driver_src_stm32f4xx_tim.c.o
TIM_BDTRConfig                                    ./Debug/driver_src_stm32f4xx_tim.c.o
TIM_BDTRStructInit                                ./Debug/driver_src_stm32f4xx_tim.c.o
TIM_CCPreloadControl                              ./Debug/driver_src_stm32f4xx_tim.c.o
TIM_CCxCmd                                        ./Debug/driver_src_stm32f4xx_tim.c.o
TIM_CCxNCmd                                       ./Debug/driver_src_stm32f4xx_tim.c.o
TIM_ClearFlag                                     ./Debug/driver_src_stm32f4xx_tim.c.o
TIM_ClearITPendingBit                             ./Debug/driver_src_stm32f4xx_tim.c.o
                                                  ./Debug/TinyTimber.c.o
TIM_ClearOC1Ref                                   ./Debug/driver_src_stm32f4xx_tim.c.o
TIM_ClearOC2Ref                                   ./Debug/driver_src_stm32f4xx_tim.c.o
TIM_ClearOC3Ref                                   ./Debug/driver_src_stm32f4xx_tim.c.o
TIM_ClearOC4Ref                                   ./Debug/driver_src_stm32f4xx_tim.c.o
TIM_Cmd                                           ./Debug/driver_src_stm32f4xx_tim.c.o
                                                  ./Debug/TinyTimber.c.o
TIM_CounterModeConfig                             ./Debug/driver_src_stm32f4xx_tim.c.o
TIM_CtrlPWMOutputs                                ./Debug/driver_src_stm32f4xx_tim.c.o
TIM_DMACmd                                        ./Debug/driver_src_stm32f4xx_tim.c.o
TIM_DMAConfig                                     ./Debug/driver_src_stm32f4xx_tim.c.o
TIM_DeInit                                        ./Debug/driver_src_stm32f4xx_tim.c.o
                                                  ./Debug/TinyTimber.c.o
TIM_ETRClockMode1Config                           ./Debug/driver_src_stm32f4xx_tim.c.o
TIM_ETRClockMode2Config                           ./Debug/driver_src_stm32f4xx_tim.c.o
TIM_ETRConfig                                     ./Debug/driver_src_stm32f4xx_tim.c.o
TIM_EncoderInterfaceConfig                        ./Debug/driver_src_stm32f4xx_tim.c.o
TIM_ForcedOC1Config                               ./Debug/driver_src_stm32f4xx_tim.c.o
TIM_ForcedOC2Config                               ./Debug/driver_src_stm32f4xx_tim.c.o
TIM_ForcedOC3Config                               ./Debug/driver_src_stm32f4xx_tim.c.o
TIM_ForcedOC4Config                               ./Debug/driver_src_stm32f4xx_tim.c.o
TIM_GenerateEvent                                 ./Debug/driver_src_stm32f4xx_tim.c.o
TIM_GetCapture1                                   ./Debug/driver_src_stm32f4xx_tim.c.o
TIM_GetCapture2                                   ./Debug/driver_src_stm32f4xx_tim.c.o
TIM_GetCapture3                                   ./Debug/driver_src_stm32f4xx_tim.c.o
TIM_GetCapture4                                   ./Debug/driver_src_stm32f4xx_tim.c.o
TIM_GetCounter                                    ./Debug/driver_src_stm32f4xx_tim.c.o
                                                  ./Debug/TinyTimber.c.o
TIM_GetFlagStatus                                 ./Debug/driver_src_stm32f4xx_tim.c.o
TIM_GetITStatus                                   ./Debug/driver_src_stm32f4xx_tim.c.o
TIM_GetPrescaler                                  ./Debug/driver_src_stm32f4xx_tim.c.o
TIM_ICInit                                        ./Debug/driver_src_stm32f4xx_tim.c.o
TIM_ICStructInit                                  ./Debug/driver_src_stm32f4xx_tim.c.o
TIM_ITConfig                                      ./Debug/driver_src_stm32f4xx_tim.c.o
                                                  ./Debug/TinyTimber.c.o
TIM_ITRxExternalClockConfig                       ./Debug/driver_src_stm32f4xx_tim.c.o
TIM_InternalClockConfig                           ./Debug/driver_src_stm32f4xx_tim.c.o
TIM_OC1FastConfig                                 ./Debug/driver_src_stm32f4xx_tim.c.o
TIM_OC1Init                                       ./Debug/driver_src_stm32f4xx_tim.c.o
TIM_OC1NPolarityConfig                            ./Debug/driver_src_stm32f4xx_tim.c.o
TIM_OC1PolarityConfig                             ./Debug/driver_src_stm32f4xx_tim.c.o
TIM_OC1PreloadConfig                              ./Debug/driver_src_stm32f4xx_tim.c.o
TIM_OC2FastConfig                                 ./Debug/driver_src_stm32f4xx_tim.c.o
TIM_OC2Init                                       ./Debug/driver_src_stm32f4xx_tim.c.o
TIM_OC2NPolarityConfig                            ./Debug/driver_src_stm32f4xx_tim.c.o
TIM_OC2PolarityConfig                             ./Debug/driver_src_stm32f4xx_tim.c.o
TIM_OC2PreloadConfig                              ./Debug/driver_src_stm32f4xx_tim.c.o
TIM_OC3FastConfig                                 ./Debug/driver_src_stm32f4xx_tim.c.o
TIM_OC3Init                                       ./Debug/driver_src_stm32f4xx_tim.c.o
TIM_OC3NPolarityConfig                            ./Debug/driver_src_stm32f4xx_tim.c.o
TIM_OC3PolarityConfig                             ./Debug/driver_src_stm32f4xx_tim.c.o
TIM_OC3PreloadConfig                              ./Debug/driver_src_stm32f4xx_tim.c.o
TIM_OC4FastConfig                                 ./Debug/driver_src_stm32f4xx_tim.c.o
TIM_OC4Init                                       ./Debug/driver_src_stm32f4xx_tim.c.o
TIM_OC4PolarityConfig                             ./Debug/driver_src_stm32f4xx_tim.c.o
TIM_OC4PreloadConfig                              ./Debug/driver_src_stm32f4xx_tim.c.o
TIM_OCStructInit                                  ./Debug/driver_src_stm32f4xx_tim.c.o
TIM_PWMIConfig                                    ./Debug/driver_src_stm32f4xx_tim.c.o
TIM_PrescalerConfig                               ./Debug/driver_src_stm32f4xx_tim.c.o
TIM_RemapConfig                                   ./Debug/driver_src_stm32f4xx_tim.c.o
TIM_SelectCCDMA                                   ./Debug/driver_src_stm32f4xx_tim.c.o
TIM_SelectCOM                                     ./Debug/driver_src_stm32f4xx_tim.c.o
TIM_SelectHallSensor                              ./Debug/driver_src_stm32f4xx_tim.c.o
TIM_SelectInputTrigger                            ./Debug/driver_src_stm32f4xx_tim.c.o
TIM_SelectMasterSlaveMode                         ./Debug/driver_src_stm32f4xx_tim.c.o
TIM_SelectOCxM                                    ./Debug/driver_src_stm32f4xx_tim.c.o
TIM_SelectOnePulseMode                            ./Debug/driver_src_stm32f4xx_tim.c.o
TIM_SelectOutputTrigger                           ./Debug/driver_src_stm32f4xx_tim.c.o
TIM_SelectSlaveMode                               ./Debug/driver_src_stm32f4xx_tim.c.o
TIM_SetAutoreload                                 ./Debug/driver_src_stm32f4xx_tim.c.o
TIM_SetClockDivision                              ./Debug/driver_src_stm32f4xx_tim.c.o
TIM_SetCompare1                                   ./Debug/driver_src_stm32f4xx_tim.c.o
                                                  ./Debug/TinyTimber.c.o
TIM_SetCompare2                                   ./Debug/driver_src_stm32f4xx_tim.c.o
TIM_SetCompare3                                   ./Debug/driver_src_stm32f4xx_tim.c.o
TIM_SetCompare4                                   ./Debug/driver_src_stm32f4xx_tim.c.o
TIM_SetCounter                                    ./Debug/driver_src_stm32f4xx_tim.c.o
                                                  ./Debug/TinyTimber.c.o
TIM_SetIC1Prescaler                               ./Debug/driver_src_stm32f4xx_tim.c.o
TIM_SetIC2Prescaler                               ./Debug/driver_src_stm32f4xx_tim.c.o
TIM_SetIC3Prescaler                               ./Debug/driver_src_stm32f4xx_tim.c.o
TIM_SetIC4Prescaler                               ./Debug/driver_src_stm32f4xx_tim.c.o
TIM_TIxExternalClockConfig                        ./Debug/driver_src_stm32f4xx_tim.c.o
TIM_TimeBaseInit                                  ./Debug/driver_src_stm32f4xx_tim.c.o
                                                  ./Debug/TinyTimber.c.o
TIM_TimeBaseStructInit                            ./Debug/driver_src_stm32f4xx_tim.c.o
                                                  ./Debug/TinyTimber.c.o
TIM_UpdateDisableConfig                           ./Debug/driver_src_stm32f4xx_tim.c.o
TIM_UpdateRequestConfig                           ./Debug/driver_src_stm32f4xx_tim.c.o
T_RESET                                           ./Debug/TinyTimber.c.o
T_SAMPLE                                          ./Debug/TinyTimber.c.o
USART_ClearFlag                                   ./Debug/driver_src_stm32f4xx_usart.c.o
USART_ClearITPendingBit                           ./Debug/driver_src_stm32f4xx_usart.c.o
USART_ClockInit                                   ./Debug/driver_src_stm32f4xx_usart.c.o
USART_ClockStructInit                             ./Debug/driver_src_stm32f4xx_usart.c.o
USART_Cmd                                         ./Debug/driver_src_stm32f4xx_usart.c.o
USART_DMACmd                                      ./Debug/driver_src_stm32f4xx_usart.c.o
USART_DeInit                                      ./Debug/driver_src_stm32f4xx_usart.c.o
USART_GetFlagStatus                               ./Debug/driver_src_stm32f4xx_usart.c.o
                                                  ./Debug/TinyTimber.c.o
                                                  ./Debug/sciTinyTimber.c.o
USART_GetITStatus                                 ./Debug/driver_src_stm32f4xx_usart.c.o
USART_HalfDuplexCmd                               ./Debug/driver_src_stm32f4xx_usart.c.o
USART_ITConfig                                    ./Debug/driver_src_stm32f4xx_usart.c.o
                                                  ./Debug/sciTinyTimber.c.o
USART_Init                                        ./Debug/driver_src_stm32f4xx_usart.c.o
USART_IrDACmd                                     ./Debug/driver_src_stm32f4xx_usart.c.o
USART_IrDAConfig                                  ./Debug/driver_src_stm32f4xx_usart.c.o
USART_LINBreakDetectLengthConfig                  ./Debug/driver_src_stm32f4xx_usart.c.o
USART_LINCmd                                      ./Debug/driver_src_stm32f4xx_usart.c.o
USART_OneBitMethodCmd                             ./Debug/driver_src_stm32f4xx_usart.c.o
USART_OverSampling8Cmd                            ./Debug/driver_src_stm32f4xx_usart.c.o
USART_ReceiveData                                 ./Debug/driver_src_stm32f4xx_usart.c.o
                                                  ./Debug/sciTinyTimber.c.o
USART_ReceiverWakeUpCmd                           ./Debug/driver_src_stm32f4xx_usart.c.o
USART_SendBreak                                   ./Debug/driver_src_stm32f4xx_usart.c.o
USART_SendData                                    ./Debug/driver_src_stm32f4xx_usart.c.o
                                                  ./Debug/TinyTimber.c.o
                                                  ./Debug/sciTinyTimber.c.o
USART_SetAddress                                  ./Debug/driver_src_stm32f4xx_usart.c.o
USART_SetGuardTime                                ./Debug/driver_src_stm32f4xx_usart.c.o
USART_SetPrescaler                                ./Debug/driver_src_stm32f4xx_usart.c.o
USART_SmartCardCmd                                ./Debug/driver_src_stm32f4xx_usart.c.o
USART_SmartCardNACKCmd                            ./Debug/driver_src_stm32f4xx_usart.c.o
USART_StructInit                                  ./Debug/driver_src_stm32f4xx_usart.c.o
USART_WakeUpConfig                                ./Debug/driver_src_stm32f4xx_usart.c.o
__heap_end                                        ./Debug/TinyTimber.c.o
__lock___arc4random_mutex                         c:/cseapp/codelite/tools/gcc-arm/bin/../lib/gcc/arm-none-eabi/9.2.1/../../../../arm-none-eabi/lib/thumb/v7e-m+fp/hard\libc_nano.a(lib_a-lock.o)
__lock___at_quick_exit_mutex                      c:/cseapp/codelite/tools/gcc-arm/bin/../lib/gcc/arm-none-eabi/9.2.1/../../../../arm-none-eabi/lib/thumb/v7e-m+fp/hard\libc_nano.a(lib_a-lock.o)
__lock___atexit_recursive_mutex                   c:/cseapp/codelite/tools/gcc-arm/bin/../lib/gcc/arm-none-eabi/9.2.1/../../../../arm-none-eabi/lib/thumb/v7e-m+fp/hard\libc_nano.a(lib_a-lock.o)
__lock___dd_hash_mutex                            c:/cseapp/codelite/tools/gcc-arm/bin/../lib/gcc/arm-none-eabi/9.2.1/../../../../arm-none-eabi/lib/thumb/v7e-m+fp/hard\libc_nano.a(lib_a-lock.o)
__lock___env_recursive_mutex                      c:/cseapp/codelite/tools/gcc-arm/bin/../lib/gcc/arm-none-eabi/9.2.1/../../../../arm-none-eabi/lib/thumb/v7e-m+fp/hard\libc_nano.a(lib_a-lock.o)
__lock___malloc_recursive_mutex                   c:/cseapp/codelite/tools/gcc-arm/bin/../lib/gcc/arm-none-eabi/9.2.1/../../../../arm-none-eabi/lib/thumb/v7e-m+fp/hard\libc_nano.a(lib_a-lock.o)
                                                  c:/cseapp/codelite/tools/gcc-arm/bin/../lib/gcc/arm-none-eabi/9.2.1/../../../../arm-none-eabi/lib/thumb/v7e-m+fp/hard\libc_nano.a(lib_a-mlock.o)
__lock___sfp_recursive_mutex                      c:/cseapp/codelite/tools/gcc-arm/bin/../lib/gcc/arm-none-eabi/9.2.1/../../../../arm-none-eabi/lib/thumb/v7e-m+fp/hard\libc_nano.a(lib_a-lock.o)
__lock___sinit_recursive_mutex                    c:/cseapp/codelite/tools/gcc-arm/bin/../lib/gcc/arm-none-eabi/9.2.1/../../../../arm-none-eabi/lib/thumb/v7e-m+fp/hard\libc_nano.a(lib_a-lock.o)
__lock___tz_mutex                                 c:/cseapp/codelite/tools/gcc-arm/bin/../lib/gcc/arm-none-eabi/9.2.1/../../../../arm-none-eabi/lib/thumb/v7e-m+fp/hard\libc_nano.a(lib_a-lock.o)
__malloc_free_list                                c:/cseapp/codelite/tools/gcc-arm/bin/../lib/gcc/arm-none-eabi/9.2.1/../../../../arm-none-eabi/lib/thumb/v7e-m+fp/hard\libc_nano.a(lib_a-nano-mallocr.o)
                                                  c:/cseapp/codelite/tools/gcc-arm/bin/../lib/gcc/arm-none-eabi/9.2.1/../../../../arm-none-eabi/lib/thumb/v7e-m+fp/hard\libc_nano.a(lib_a-nano-freer.o)
__malloc_lock                                     c:/cseapp/codelite/tools/gcc-arm/bin/../lib/gcc/arm-none-eabi/9.2.1/../../../../arm-none-eabi/lib/thumb/v7e-m+fp/hard\libc_nano.a(lib_a-mlock.o)
                                                  c:/cseapp/codelite/tools/gcc-arm/bin/../lib/gcc/arm-none-eabi/9.2.1/../../../../arm-none-eabi/lib/thumb/v7e-m+fp/hard\libc_nano.a(lib_a-nano-mallocr.o)
                                                  c:/cseapp/codelite/tools/gcc-arm/bin/../lib/gcc/arm-none-eabi/9.2.1/../../../../arm-none-eabi/lib/thumb/v7e-m+fp/hard\libc_nano.a(lib_a-nano-freer.o)
__malloc_sbrk_start                               c:/cseapp/codelite/tools/gcc-arm/bin/../lib/gcc/arm-none-eabi/9.2.1/../../../../arm-none-eabi/lib/thumb/v7e-m+fp/hard\libc_nano.a(lib_a-nano-mallocr.o)
__malloc_unlock                                   c:/cseapp/codelite/tools/gcc-arm/bin/../lib/gcc/arm-none-eabi/9.2.1/../../../../arm-none-eabi/lib/thumb/v7e-m+fp/hard\libc_nano.a(lib_a-mlock.o)
                                                  c:/cseapp/codelite/tools/gcc-arm/bin/../lib/gcc/arm-none-eabi/9.2.1/../../../../arm-none-eabi/lib/thumb/v7e-m+fp/hard\libc_nano.a(lib_a-nano-mallocr.o)
                                                  c:/cseapp/codelite/tools/gcc-arm/bin/../lib/gcc/arm-none-eabi/9.2.1/../../../../arm-none-eabi/lib/thumb/v7e-m+fp/hard\libc_nano.a(lib_a-nano-freer.o)
__pendSV_dispatch                                 ./Debug/TinyTimber.c.o
__retarget_lock_acquire                           c:/cseapp/codelite/tools/gcc-arm/bin/../lib/gcc/arm-none-eabi/9.2.1/../../../../arm-none-eabi/lib/thumb/v7e-m+fp/hard\libc_nano.a(lib_a-lock.o)
__retarget_lock_acquire_recursive                 c:/cseapp/codelite/tools/gcc-arm/bin/../lib/gcc/arm-none-eabi/9.2.1/../../../../arm-none-eabi/lib/thumb/v7e-m+fp/hard\libc_nano.a(lib_a-lock.o)
                                                  c:/cseapp/codelite/tools/gcc-arm/bin/../lib/gcc/arm-none-eabi/9.2.1/../../../../arm-none-eabi/lib/thumb/v7e-m+fp/hard\libc_nano.a(lib_a-mlock.o)
__retarget_lock_close                             c:/cseapp/codelite/tools/gcc-arm/bin/../lib/gcc/arm-none-eabi/9.2.1/../../../../arm-none-eabi/lib/thumb/v7e-m+fp/hard\libc_nano.a(lib_a-lock.o)
__retarget_lock_close_recursive                   c:/cseapp/codelite/tools/gcc-arm/bin/../lib/gcc/arm-none-eabi/9.2.1/../../../../arm-none-eabi/lib/thumb/v7e-m+fp/hard\libc_nano.a(lib_a-lock.o)
__retarget_lock_init                              c:/cseapp/codelite/tools/gcc-arm/bin/../lib/gcc/arm-none-eabi/9.2.1/../../../../arm-none-eabi/lib/thumb/v7e-m+fp/hard\libc_nano.a(lib_a-lock.o)
__retarget_lock_init_recursive                    c:/cseapp/codelite/tools/gcc-arm/bin/../lib/gcc/arm-none-eabi/9.2.1/../../../../arm-none-eabi/lib/thumb/v7e-m+fp/hard\libc_nano.a(lib_a-lock.o)
__retarget_lock_release                           c:/cseapp/codelite/tools/gcc-arm/bin/../lib/gcc/arm-none-eabi/9.2.1/../../../../arm-none-eabi/lib/thumb/v7e-m+fp/hard\libc_nano.a(lib_a-lock.o)